Archive member included because of file (symbol)

/opt/Freescale/KDS_v3/toolchain/bin/../lib/gcc/arm-none-eabi/4.8.4/armv6-m/libgcc.a(_udivsi3.o)
                              ./utilities/fsl_debug_console.o (__aeabi_uidiv)
/opt/Freescale/KDS_v3/toolchain/bin/../lib/gcc/arm-none-eabi/4.8.4/armv6-m/libgcc.a(_divsi3.o)
                              ./utilities/fsl_debug_console.o (__aeabi_idiv)
/opt/Freescale/KDS_v3/toolchain/bin/../lib/gcc/arm-none-eabi/4.8.4/armv6-m/libgcc.a(_dvmd_tls.o)
                              /opt/Freescale/KDS_v3/toolchain/bin/../lib/gcc/arm-none-eabi/4.8.4/armv6-m/libgcc.a(_udivsi3.o) (__aeabi_idiv0)
/opt/Freescale/KDS_v3/toolchain/bin/../lib/gcc/arm-none-eabi/4.8.4/armv6-m/libgcc.a(_arm_cmpsf2.o)
                              ./source/main.o (__aeabi_fcmpeq)
/opt/Freescale/KDS_v3/toolchain/bin/../lib/gcc/arm-none-eabi/4.8.4/armv6-m/libgcc.a(_aeabi_uldivmod.o)
                              ./source/timer.o (__aeabi_uldivmod)
/opt/Freescale/KDS_v3/toolchain/bin/../lib/gcc/arm-none-eabi/4.8.4/armv6-m/libgcc.a(_muldi3.o)
                              ./source/timer.o (__aeabi_lmul)
/opt/Freescale/KDS_v3/toolchain/bin/../lib/gcc/arm-none-eabi/4.8.4/armv6-m/libgcc.a(_fixunssfsi.o)
                              ./source/control_corriente.o (__aeabi_f2uiz)
/opt/Freescale/KDS_v3/toolchain/bin/../lib/gcc/arm-none-eabi/4.8.4/armv6-m/libgcc.a(bpabi.o)
                              /opt/Freescale/KDS_v3/toolchain/bin/../lib/gcc/arm-none-eabi/4.8.4/armv6-m/libgcc.a(_aeabi_uldivmod.o) (__gnu_uldivmod_helper)
/opt/Freescale/KDS_v3/toolchain/bin/../lib/gcc/arm-none-eabi/4.8.4/armv6-m/libgcc.a(divsf3.o)
                              ./source/control_ADC.o (__aeabi_fdiv)
/opt/Freescale/KDS_v3/toolchain/bin/../lib/gcc/arm-none-eabi/4.8.4/armv6-m/libgcc.a(eqsf2.o)
                              /opt/Freescale/KDS_v3/toolchain/bin/../lib/gcc/arm-none-eabi/4.8.4/armv6-m/libgcc.a(_arm_cmpsf2.o) (__eqsf2)
/opt/Freescale/KDS_v3/toolchain/bin/../lib/gcc/arm-none-eabi/4.8.4/armv6-m/libgcc.a(gesf2.o)
                              /opt/Freescale/KDS_v3/toolchain/bin/../lib/gcc/arm-none-eabi/4.8.4/armv6-m/libgcc.a(_arm_cmpsf2.o) (__gesf2)
/opt/Freescale/KDS_v3/toolchain/bin/../lib/gcc/arm-none-eabi/4.8.4/armv6-m/libgcc.a(lesf2.o)
                              /opt/Freescale/KDS_v3/toolchain/bin/../lib/gcc/arm-none-eabi/4.8.4/armv6-m/libgcc.a(_arm_cmpsf2.o) (__lesf2)
/opt/Freescale/KDS_v3/toolchain/bin/../lib/gcc/arm-none-eabi/4.8.4/armv6-m/libgcc.a(mulsf3.o)
                              ./source/control_ADC.o (__aeabi_fmul)
/opt/Freescale/KDS_v3/toolchain/bin/../lib/gcc/arm-none-eabi/4.8.4/armv6-m/libgcc.a(subsf3.o)
                              /opt/Freescale/KDS_v3/toolchain/bin/../lib/gcc/arm-none-eabi/4.8.4/armv6-m/libgcc.a(_fixunssfsi.o) (__aeabi_fsub)
/opt/Freescale/KDS_v3/toolchain/bin/../lib/gcc/arm-none-eabi/4.8.4/armv6-m/libgcc.a(fixsfsi.o)
                              /opt/Freescale/KDS_v3/toolchain/bin/../lib/gcc/arm-none-eabi/4.8.4/armv6-m/libgcc.a(_fixunssfsi.o) (__aeabi_f2iz)
/opt/Freescale/KDS_v3/toolchain/bin/../lib/gcc/arm-none-eabi/4.8.4/armv6-m/libgcc.a(floatunsisf.o)
                              ./source/control_ADC.o (__aeabi_ui2f)
/opt/Freescale/KDS_v3/toolchain/bin/../lib/gcc/arm-none-eabi/4.8.4/armv6-m/libgcc.a(truncdfsf2.o)
                              ./source/control_com.o (__aeabi_d2f)
/opt/Freescale/KDS_v3/toolchain/bin/../lib/gcc/arm-none-eabi/4.8.4/armv6-m/libgcc.a(_clzsi2.o)
                              /opt/Freescale/KDS_v3/toolchain/bin/../lib/gcc/arm-none-eabi/4.8.4/armv6-m/libgcc.a(divsf3.o) (__clzsi2)
/opt/Freescale/KDS_v3/toolchain/bin/../lib/gcc/arm-none-eabi/4.8.4/armv6-m/libgcc.a(_divdi3.o)
                              /opt/Freescale/KDS_v3/toolchain/bin/../lib/gcc/arm-none-eabi/4.8.4/armv6-m/libgcc.a(bpabi.o) (__divdi3)
/opt/Freescale/KDS_v3/toolchain/bin/../lib/gcc/arm-none-eabi/4.8.4/armv6-m/libgcc.a(_udivdi3.o)
                              /opt/Freescale/KDS_v3/toolchain/bin/../lib/gcc/arm-none-eabi/4.8.4/armv6-m/libgcc.a(bpabi.o) (__udivdi3)
/opt/Freescale/KDS_v3/toolchain/bin/../lib/gcc/arm-none-eabi/4.8.4/../../../../arm-none-eabi/lib/armv6-m/libg_s.a(lib_a-atof.o)
                              ./source/control_com.o (atof)
/opt/Freescale/KDS_v3/toolchain/bin/../lib/gcc/arm-none-eabi/4.8.4/../../../../arm-none-eabi/lib/armv6-m/libg_s.a(lib_a-errno.o)
                              ./utilities/fsl_sbrk.o (__errno)
/opt/Freescale/KDS_v3/toolchain/bin/../lib/gcc/arm-none-eabi/4.8.4/../../../../arm-none-eabi/lib/armv6-m/libg_s.a(lib_a-exit.o)
                              /opt/Freescale/KDS_v3/toolchain/bin/../lib/gcc/arm-none-eabi/4.8.4/../../../../arm-none-eabi/lib/armv6-m/crt0.o (exit)
/opt/Freescale/KDS_v3/toolchain/bin/../lib/gcc/arm-none-eabi/4.8.4/../../../../arm-none-eabi/lib/armv6-m/libg_s.a(lib_a-impure.o)
[...]
Memory Configuration

Name             Origin             Length             Attributes
m_interrupts     0x00000000         0x00000200         xr
m_flash_config   0x00000400         0x00000010         xr
m_text           0x00000410         0x0003fbf0         xr
m_data           0x1fffe000         0x00008000         rw
*default*        0x00000000         0xffffffff

Linker script and memory map

LOAD /opt/Freescale/KDS_v3/toolchain/bin/../lib/gcc/arm-none-eabi/4.8.4/armv6-m/crti.o
LOAD /opt/Freescale/KDS_v3/toolchain/bin/../lib/gcc/arm-none-eabi/4.8.4/armv6-m/crtbegin.o
LOAD /opt/Freescale/KDS_v3/toolchain/bin/../lib/gcc/arm-none-eabi/4.8.4/../../../../arm-none-eabi/lib/armv6-m/crt0.o
LOAD ./utilities/fsl_debug_console.o
LOAD ./utilities/fsl_notifier.o
LOAD ./utilities/fsl_sbrk.o
LOAD ./utilities/fsl_shell.o
LOAD ./startup/startup_MKL46Z4.o
LOAD ./startup/system_MKL46Z4.o
LOAD ./source/control_ADC.o
LOAD ./source/control_com.o
LOAD ./source/control_corriente.o
LOAD ./source/control_ventilador.o
LOAD ./source/main.o
LOAD ./source/timer.o
LOAD ./drivers/fsl_adc16.o
LOAD ./drivers/fsl_clock.o
LOAD ./drivers/fsl_cmp.o
LOAD ./drivers/fsl_common.o
LOAD ./drivers/fsl_cop.o
LOAD ./drivers/fsl_dac.o
LOAD ./drivers/fsl_dma.o
LOAD ./drivers/fsl_dmamux.o
LOAD ./drivers/fsl_flash.o
LOAD ./drivers/fsl_gpio.o
LOAD ./drivers/fsl_i2c.o
LOAD ./drivers/fsl_i2c_dma.o
LOAD ./drivers/fsl_llwu.o
LOAD ./drivers/fsl_lpsci.o
LOAD ./drivers/fsl_lpsci_dma.o
LOAD ./drivers/fsl_lptmr.o
LOAD ./drivers/fsl_pit.o
LOAD ./drivers/fsl_pmc.o
LOAD ./drivers/fsl_rcm.o
LOAD ./drivers/fsl_rtc.o
LOAD ./drivers/fsl_sai.o
LOAD ./drivers/fsl_sai_dma.o
LOAD ./drivers/fsl_sim.o
LOAD ./drivers/fsl_slcd.o
LOAD ./drivers/fsl_smc.o
LOAD ./drivers/fsl_spi.o
LOAD ./drivers/fsl_spi_dma.o
LOAD ./drivers/fsl_tpm.o
LOAD ./drivers/fsl_tsi_v4.o
LOAD ./drivers/fsl_uart.o
LOAD ./drivers/fsl_uart_dma.o
LOAD ./board/board.o
LOAD ./board/clock_config.o
LOAD ./board/pin_mux.o
LOAD /opt/Freescale/KDS_v3/toolchain/bin/../lib/gcc/arm-none-eabi/4.8.4/../../../../arm-none-eabi/lib/armv6-m/libstdc++_s.a
LOAD /opt/Freescale/KDS_v3/toolchain/bin/../lib/gcc/arm-none-eabi/4.8.4/../../../../arm-none-eabi/lib/armv6-m/libm.a
START GROUP
LOAD /opt/Freescale/KDS_v3/toolchain/bin/../lib/gcc/arm-none-eabi/4.8.4/armv6-m/libgcc.a
LOAD /opt/Freescale/KDS_v3/toolchain/bin/../lib/gcc/arm-none-eabi/4.8.4/../../../../arm-none-eabi/lib/armv6-m/libg_s.a
LOAD /opt/Freescale/KDS_v3/toolchain/bin/../lib/gcc/arm-none-eabi/4.8.4/../../../../arm-none-eabi/lib/armv6-m/libc_s.a
END GROUP
START GROUP
LOAD /opt/Freescale/KDS_v3/toolchain/bin/../lib/gcc/arm-none-eabi/4.8.4/armv6-m/libgcc.a
LOAD /opt/Freescale/KDS_v3/toolchain/bin/../lib/gcc/arm-none-eabi/4.8.4/../../../../arm-none-eabi/lib/armv6-m/libc_s.a
LOAD /opt/Freescale/KDS_v3/toolchain/bin/../lib/gcc/arm-none-eabi/4.8.4/../../../../arm-none-eabi/lib/armv6-m/libnosys.a
END GROUP
START GROUP
LOAD /opt/Freescale/KDS_v3/toolchain/bin/../lib/gcc/arm-none-eabi/4.8.4/armv6-m/libgcc.a
LOAD /opt/Freescale/KDS_v3/toolchain/bin/../lib/gcc/arm-none-eabi/4.8.4/../../../../arm-none-eabi/lib/armv6-m/libc_s.a
LOAD /opt/Freescale/KDS_v3/toolchain/bin/../lib/gcc/arm-none-eabi/4.8.4/../../../../arm-none-eabi/lib/armv6-m/libnosys.a
END GROUP
LOAD /opt/Freescale/KDS_v3/toolchain/bin/../lib/gcc/arm-none-eabi/4.8.4/armv6-m/crtend.o
LOAD /opt/Freescale/KDS_v3/toolchain/bin/../lib/gcc/arm-none-eabi/4.8.4/armv6-m/crtn.o
                0x00000400                HEAP_SIZE = DEFINED (__heap_size__)?__heap_size__:0x400
                0x00000400                STACK_SIZE = DEFINED (__stack_size__)?__stack_size__:0x400
                0x00000000                M_VECTOR_RAM_SIZE = DEFINED (__ram_vector_table__)?0x200:0x0

.interrupts     0x00000000       0xc0
                0x00000000                __VECTOR_TABLE = .
                0x00000000                . = ALIGN (0x4)
 *(.isr_vector)
 .isr_vector    0x00000000       0xc0 ./startup/startup_MKL46Z4.o
                0x00000000                __isr_vector
                0x000000c0                . = ALIGN (0x4)

.flash_config   0x00000400       0x10
                0x00000400                . = ALIGN (0x4)
 *(.FlashConfig)
 .FlashConfig   0x00000400       0x10 ./startup/startup_MKL46Z4.o
                0x00000410                . = ALIGN (0x4)

.text           0x00000410     0x92ac
                0x00000410                . = ALIGN (0x4)
 *(.text)
 .text          0x00000410       0x60 /opt/Freescale/KDS_v3/toolchain/bin/../lib/gcc/arm-none-eabi/4.8.4/armv6-m/crtbegin.o
 .text          0x00000470       0x78 /opt/Freescale/KDS_v3/toolchain/bin/../lib/gcc/arm-none-eabi/4.8.4/../../../../arm-none-eabi/lib/armv6-m/crt0.o
                0x00000470                _mainCRTStartup
                0x00000470                _start
 .text          0x000004e8       0xd0 ./startup/startup_MKL46Z4.o
                0x000004e8                Reset_Handler
                0x00000528                PORTC_PORTD_IRQHandler
                0x00000528                TPM0_IRQHandler
                0x00000528                LLWU_IRQHandler
                0x00000528                TSI0_IRQHandler
                0x00000528                DefaultISR
                0x00000528                TPM2_IRQHandler
                0x00000528                RTC_IRQHandler
                0x00000528                LCD_IRQHandler
                0x00000528                RTC_Seconds_IRQHandler
                0x00000528                MCG_IRQHandler
                0x00000528                Reserved20_IRQHandler
                0x00000528                USB0_IRQHandler
                0x00000528                DAC0_IRQHandler
                0x00000528                TPM1_IRQHandler
                0x00000528                LVD_LVW_IRQHandler
                0x00000528                FTFA_IRQHandler
                0x00000528                LPTMR0_IRQHandler
                0x00000528                CMP0_IRQHandler
                0x0000052c                NMI_Handler
                0x00000530                HardFault_Handler
                0x00000534                SVC_Handler
                0x00000538                PendSV_Handler
                0x0000053c                SysTick_Handler
                0x00000540                DMA0_IRQHandler
                0x00000544                DMA1_IRQHandler
                0x00000548                DMA2_IRQHandler
                0x0000054c                DMA3_IRQHandler
                0x00000550                I2C0_IRQHandler
                0x00000554                I2C1_IRQHandler
                0x00000558                SPI0_IRQHandler
                0x0000055c                SPI1_IRQHandler
                0x00000564                UART1_IRQHandler
                0x00000568                UART2_IRQHandler
                0x0000056c                I2S0_IRQHandler
 .text          0x000005b8       0x9c /opt/Freescale/KDS_v3/toolchain/bin/../lib/gcc/arm-none-eabi/4.8.4/armv6-m/libgcc.a(_udivsi3.o)
                0x000005b8                __udivsi3
                0x000005b8                __aeabi_uidiv
                0x00000640                __aeabi_uidivmod
 .text          0x00000654       0xc0 /opt/Freescale/KDS_v3/toolchain/bin/../lib/gcc/arm-none-eabi/4.8.4/armv6-m/libgcc.a(_divsi3.o)
                0x00000654                __aeabi_idiv
                0x00000654                __divsi3
                0x00000700                __aeabi_idivmod
 .text          0x00000714        0x4 /opt/Freescale/KDS_v3/toolchain/bin/../lib/gcc/arm-none-eabi/4.8.4/armv6-m/libgcc.a(_dvmd_tls.o)
                0x00000714                __aeabi_ldiv0
                0x00000714                __aeabi_idiv0
 .text          0x00000718       0x74 /opt/Freescale/KDS_v3/toolchain/bin/../lib/gcc/arm-none-eabi/4.8.4/armv6-m/libgcc.a(_arm_cmpsf2.o)
                0x00000718                __aeabi_cfrcmple
                0x00000720                __aeabi_cfcmple
                0x00000720                __aeabi_cfcmpeq
                0x00000730                __aeabi_fcmpeq
                0x0000073c                __aeabi_fcmplt
                0x00000750                __aeabi_fcmple
                0x00000764                __aeabi_fcmpgt
                0x00000778                __aeabi_fcmpge
 .text          0x0000078c       0x40 /opt/Freescale/KDS_v3/toolchain/bin/../lib/gcc/arm-none-eabi/4.8.4/armv6-m/libgcc.a(_aeabi_uldivmod.o)
                0x0000078c                __aeabi_uldivmod
 .text          0x000007cc       0x44 /opt/Freescale/KDS_v3/toolchain/bin/../lib/gcc/arm-none-eabi/4.8.4/armv6-m/libgcc.a(_muldi3.o)
                0x000007cc                __aeabi_lmul
                0x000007cc                __muldi3
 .text          0x00000810       0x30 /opt/Freescale/KDS_v3/toolchain/bin/../lib/gcc/arm-none-eabi/4.8.4/armv6-m/libgcc.a(_fixunssfsi.o)
                0x00000810                __aeabi_f2uiz
                0x00000810                __fixunssfsi
 .text          0x00000840       0x6c /opt/Freescale/KDS_v3/toolchain/bin/../lib/gcc/arm-none-eabi/4.8.4/armv6-m/libgcc.a(bpabi.o)
                0x00000840                __gnu_ldivmod_helper
                0x00000878                __gnu_uldivmod_helper
 .text          0x000008ac      0x24c /opt/Freescale/KDS_v3/toolchain/bin/../lib/gcc/arm-none-eabi/4.8.4/armv6-m/libgcc.a(divsf3.o)
                0x000008ac                __aeabi_fdiv
 .text          0x00000af8       0x54 /opt/Freescale/KDS_v3/toolchain/bin/../lib/gcc/arm-none-eabi/4.8.4/armv6-m/libgcc.a(eqsf2.o)
                0x00000af8                __nesf2
                0x00000af8                __eqsf2
 .text          0x00000b4c       0x90 /opt/Freescale/KDS_v3/toolchain/bin/../lib/gcc/arm-none-eabi/4.8.4/armv6-m/libgcc.a(gesf2.o)
                0x00000b4c                __gtsf2
                0x00000b4c                __gesf2
 .text          0x00000bdc       0x98 /opt/Freescale/KDS_v3/toolchain/bin/../lib/gcc/arm-none-eabi/4.8.4/armv6-m/libgcc.a(lesf2.o)
                0x00000bdc                __lesf2
                0x00000bdc                __ltsf2
 .text          0x00000c74      0x254 /opt/Freescale/KDS_v3/toolchain/bin/../lib/gcc/arm-none-eabi/4.8.4/armv6-m/libgcc.a(mulsf3.o)
                0x00000c74                __aeabi_fmul
 .text          0x00000ec8      0x2ec /opt/Freescale/KDS_v3/toolchain/bin/../lib/gcc/arm-none-eabi/4.8.4/armv6-m/libgcc.a(subsf3.o)
                0x00000ec8                __aeabi_fsub
 .text          0x000011b4       0x40 /opt/Freescale/KDS_v3/toolchain/bin/../lib/gcc/arm-none-eabi/4.8.4/armv6-m/libgcc.a(fixsfsi.o)
                0x000011b4                __aeabi_f2iz
 .text          0x000011f4       0xa0 /opt/Freescale/KDS_v3/toolchain/bin/../lib/gcc/arm-none-eabi/4.8.4/armv6-m/libgcc.a(floatunsisf.o)
                0x000011f4                __aeabi_ui2f
 .text          0x00001294      0x118 /opt/Freescale/KDS_v3/toolchain/bin/../lib/gcc/arm-none-eabi/4.8.4/armv6-m/libgcc.a(truncdfsf2.o)
                0x00001294                __aeabi_d2f
 .text          0x000013ac       0x3c /opt/Freescale/KDS_v3/toolchain/bin/../lib/gcc/arm-none-eabi/4.8.4/armv6-m/libgcc.a(_clzsi2.o)
                0x000013ac                __clzsi2
 .text          0x000013e8      0x3b8 /opt/Freescale/KDS_v3/toolchain/bin/../lib/gcc/arm-none-eabi/4.8.4/armv6-m/libgcc.a(_divdi3.o)
                0x000013e8                __divdi3
 .text          0x000017a0      0x384 /opt/Freescale/KDS_v3/toolchain/bin/../lib/gcc/arm-none-eabi/4.8.4/armv6-m/libgcc.a(_udivdi3.o)
                0x000017a0                __udivdi3
 .text          0x00001b24       0x14 /opt/Freescale/KDS_v3/toolchain/bin/../lib/gcc/arm-none-eabi/4.8.4/armv6-m/libgcc.a(_thumb1_case_uqi.o)
                0x00001b24                __gnu_thumb1_case_uqi
 .text          0x00001b38       0x7c /opt/Freescale/KDS_v3/toolchain/bin/../lib/gcc/arm-none-eabi/4.8.4/armv6-m/libgcc.a(_arm_cmpdf2.o)
                0x00001b38                __aeabi_cdrcmple
                0x00001b48                __aeabi_cdcmple
                0x00001b48                __aeabi_cdcmpeq
                0x00001b58                __aeabi_dcmpeq
                0x00001b64                __aeabi_dcmplt
                0x00001b78                __aeabi_dcmple
                0x00001b8c                __aeabi_dcmpgt
                0x00001ba0                __aeabi_dcmpge
 *fill*         0x00001bb4        0x4 
 .text          0x00001bb8       0x40 /opt/Freescale/KDS_v3/toolchain/bin/../lib/gcc/arm-none-eabi/4.8.4/armv6-m/libgcc.a(_fixunsdfsi.o)
                0x00001bb8                __fixunsdfsi
                0x00001bb8                __aeabi_d2uiz
 .text          0x00001bf8      0x644 /opt/Freescale/KDS_v3/toolchain/bin/../lib/gcc/arm-none-eabi/4.8.4/armv6-m/libgcc.a(adddf3.o)
                0x00001bf8                __aeabi_dadd
 .text          0x0000223c      0x648 /opt/Freescale/KDS_v3/toolchain/bin/../lib/gcc/arm-none-eabi/4.8.4/armv6-m/libgcc.a(divdf3.o)
                0x0000223c                __aeabi_ddiv
 .text          0x00002884       0x94 /opt/Freescale/KDS_v3/toolchain/bin/../lib/gcc/arm-none-eabi/4.8.4/armv6-m/libgcc.a(eqdf2.o)
                0x00002884                __eqdf2
                0x00002884                __nedf2
 .text          0x00002918       0xfc /opt/Freescale/KDS_v3/toolchain/bin/../lib/gcc/arm-none-eabi/4.8.4/armv6-m/libgcc.a(gedf2.o)
                0x00002918                __gtdf2
                0x00002918                __gedf2
 .text          0x00002a14       0xfc /opt/Freescale/KDS_v3/toolchain/bin/../lib/gcc/arm-none-eabi/4.8.4/armv6-m/libgcc.a(ledf2.o)
                0x00002a14                __ltdf2
                0x00002a14                __ledf2
 .text          0x00002b10      0x520 /opt/Freescale/KDS_v3/toolchain/bin/../lib/gcc/arm-none-eabi/4.8.4/armv6-m/libgcc.a(muldf3.o)
                0x00002b10                __aeabi_dmul
 .text          0x00003030      0x668 /opt/Freescale/KDS_v3/toolchain/bin/../lib/gcc/arm-none-eabi/4.8.4/armv6-m/libgcc.a(subdf3.o)
                0x00003030                __aeabi_dsub
 .text          0x00003698       0x68 /opt/Freescale/KDS_v3/toolchain/bin/../lib/gcc/arm-none-eabi/4.8.4/armv6-m/libgcc.a(fixdfsi.o)
                0x00003698                __aeabi_d2iz
 .text          0x00003700       0x7c /opt/Freescale/KDS_v3/toolchain/bin/../lib/gcc/arm-none-eabi/4.8.4/armv6-m/libgcc.a(floatsidf.o)
                0x00003700                __aeabi_i2d
 .text          0x0000377c       0x68 /opt/Freescale/KDS_v3/toolchain/bin/../lib/gcc/arm-none-eabi/4.8.4/armv6-m/libgcc.a(floatunsidf.o)
                0x0000377c                __aeabi_ui2d
 *(.text*)
 .text.DbgConsole_Printf
                0x000037e4       0x48 ./utilities/fsl_debug_console.o
                0x000037e4                DbgConsole_Printf
 .text.DbgConsole_Putchar
                0x0000382c       0x38 ./utilities/fsl_debug_console.o
                0x0000382c                DbgConsole_Putchar
 .text.DbgConsole_PrintfPaddingCharacter
                0x00003864       0x48 ./utilities/fsl_debug_console.o
 .text.DbgConsole_ConvertRadixNumToString
                0x000038ac      0x118 ./utilities/fsl_debug_console.o
 .text.DbgConsole_PrintfFormattedData
                0x000039c4      0x378 ./utilities/fsl_debug_console.o
 .text._sbrk    0x00003d3c       0x5c ./utilities/fsl_sbrk.o
                0x00003d3c                _sbrk
 .text.SystemInit
                0x00003d98       0x18 ./startup/system_MKL46Z4.o
                0x00003d98                SystemInit
 .text.NVIC_EnableIRQ
                0x00003db0       0x2c ./source/control_ADC.o
 .text.CLOCK_EnableClock
                0x00003ddc       0x34 ./source/control_ADC.o
 .text.EnableIRQ
                0x00003e10       0x20 ./source/control_ADC.o
 .text.ADC16_EnableHardwareTrigger
                0x00003e30       0x3c ./source/control_ADC.o
 .text.ADC16_GetChannelConversionValue
                0x00003e6c       0x40 ./source/control_ADC.o
 .text.PORT_SetPinMux
                0x00003eac       0x3c ./source/control_ADC.o
 .text.init_control_ADC
                0x00003ee8       0x30 ./source/control_ADC.o
                0x00003ee8                init_control_ADC
 .text.cfg_control_ADC
                0x00003f18       0x3c ./source/control_ADC.o
                0x00003f18                cfg_control_ADC
 .text.leer_tension
                0x00003f54       0x3c ./source/control_ADC.o
                0x00003f54                leer_tension
 .text.leer_temperatura
                0x00003f90       0x3c ./source/control_ADC.o
                0x00003f90                leer_temperatura
 .text.ADC0_IRQHandler
                0x00003fcc       0xa8 ./source/control_ADC.o
                0x00003fcc                ADC0_IRQHandler
 .text.NVIC_EnableIRQ
                0x00004074       0x2c ./source/control_com.o
 .text.CLOCK_EnableClock
                0x000040a0       0x34 ./source/control_com.o
 .text.CLOCK_SetLpsci0Clock
                0x000040d4       0x38 ./source/control_com.o
 .text.EnableIRQ
                0x0000410c       0x20 ./source/control_com.o
 .text.PORT_SetPinMux
                0x0000412c       0x3c ./source/control_com.o
 .text.data_parser
                0x00004168       0x34 ./source/control_com.o
                0x00004168                data_parser
 .text.UART0_IRQHandler
                0x0000419c       0x58 ./source/control_com.o
                0x0000419c                UART0_IRQHandler
 .text.init_control_com
                0x000041f4       0x30 ./source/control_com.o
                0x000041f4                init_control_com
 .text.cfg_control_com
                0x00004224       0x4c ./source/control_com.o
                0x00004224                cfg_control_com
 .text.send_datos
                0x00004270       0x84 ./source/control_com.o
                0x00004270                send_datos
 .text.DAC_Enable
                0x000042f4       0x48 ./source/control_corriente.o
 .text.cfg_control_corriente
                0x0000433c       0x38 ./source/control_corriente.o
                0x0000433c                cfg_control_corriente
 .text.set_corriente
                0x00004374       0x4c ./source/control_corriente.o
                0x00004374                set_corriente
 .text.NVIC_EnableIRQ
                0x000043c0       0x2c ./source/control_ventilador.o
 .text.NVIC_DisableIRQ
                0x000043ec       0x2c ./source/control_ventilador.o
 .text.CLOCK_EnableClock
                0x00004418       0x34 ./source/control_ventilador.o
 .text.CLOCK_SetTpmClock
                0x0000444c       0x38 ./source/control_ventilador.o
 .text.EnableIRQ
                0x00004484       0x20 ./source/control_ventilador.o
 .text.DisableIRQ
                0x000044a4       0x20 ./source/control_ventilador.o
 .text.PORT_SetPinConfig
                0x000044c4       0x44 ./source/control_ventilador.o
 .text.PORT_SetPinMux
                0x00004508       0x3c ./source/control_ventilador.o
 .text.PORT_SetPinInterruptConfig
                0x00004544       0x3c ./source/control_ventilador.o
 .text.TPM_StartTimer
                0x00004580       0x38 ./source/control_ventilador.o
 .text.init_control_ventilador
                0x000045b8       0x58 ./source/control_ventilador.o
                0x000045b8                init_control_ventilador
 .text.cfg_control_ventilador
                0x00004610       0xb4 ./source/control_ventilador.o
                0x00004610                cfg_control_ventilador
 .text.set_rpm_ventilador
                0x000046c4       0x44 ./source/control_ventilador.o
                0x000046c4                set_rpm_ventilador
 .text.get_rpm_ventilador
                0x00004708       0x38 ./source/control_ventilador.o
                0x00004708                get_rpm_ventilador
 .text.PORTA_IRQHandler
                0x00004740       0x2c ./source/control_ventilador.o
                0x00004740                PORTA_IRQHandler
 .text.main     0x0000476c      0x238 ./source/main.o
                0x0000476c                main
 .text.NVIC_EnableIRQ
                0x000049a4       0x2c ./source/timer.o
 .text.EnableIRQ
                0x000049d0       0x20 ./source/timer.o
 .text.PIT_EnableInterrupts
                0x000049f0       0x44 ./source/timer.o
 .text.PIT_GetStatusFlags
                0x00004a34       0x2c ./source/timer.o
 .text.PIT_ClearStatusFlags
                0x00004a60       0x30 ./source/timer.o
 .text.PIT_SetTimerPeriod
                0x00004a90       0x28 ./source/timer.o
 .text.PIT_StartTimer
                0x00004ab8       0x3c ./source/timer.o
 *fill*         0x00004af4        0x4 
 .text.timer_init
                0x00004af8       0xe8 ./source/timer.o
                0x00004af8                timer_init
 .text.PIT_IRQHandler
                0x00004be0       0x58 ./source/timer.o
                0x00004be0                PIT_IRQHandler
 .text.CLOCK_EnableClock
                0x00004c38       0x34 ./drivers/fsl_adc16.o
 .text.ADC16_GetInstance
                0x00004c6c       0x54 ./drivers/fsl_adc16.o
 .text.ADC16_Init
                0x00004cc0      0x120 ./drivers/fsl_adc16.o
                0x00004cc0                ADC16_Init
 .text.ADC16_GetDefaultConfig
                0x00004de0       0x64 ./drivers/fsl_adc16.o
                0x00004de0                ADC16_GetDefaultConfig
 .text.ADC16_DoAutoCalibration
                0x00004e44      0x11c ./drivers/fsl_adc16.o
                0x00004e44                ADC16_DoAutoCalibration
 .text.ADC16_GetStatusFlags
                0x00004f60       0x3c ./drivers/fsl_adc16.o
                0x00004f60                ADC16_GetStatusFlags
 .text.ADC16_SetChannelConfig
                0x00004f9c       0x80 ./drivers/fsl_adc16.o
                0x00004f9c                ADC16_SetChannelConfig
 .text.ADC16_GetChannelStatusFlags
                0x0000501c       0x50 ./drivers/fsl_adc16.o
                0x0000501c                ADC16_GetChannelStatusFlags
 .text.CLOCK_SetEr32kClock
                0x0000506c       0x30 ./drivers/fsl_clock.o
 .text.CLOCK_SetPllFllSelClock
                0x0000509c       0x38 ./drivers/fsl_clock.o
 .text.OSC_SetExtRefClkConfig
                0x000050d4       0x48 ./drivers/fsl_clock.o
 .text.OSC_SetCapLoad
                0x0000511c       0x4c ./drivers/fsl_clock.o
 .text.CLOCK_GetMcgExtClkFreq
                0x00005168       0x34 ./drivers/fsl_clock.o
 .text.CLOCK_GetFllExtRefClkFreq
                0x0000519c       0xa4 ./drivers/fsl_clock.o
 .text.CLOCK_GetInternalRefClkSelectFreq
                0x00005240       0x44 ./drivers/fsl_clock.o
 .text.CLOCK_GetFllRefClkFreq
                0x00005284       0x30 ./drivers/fsl_clock.o
 .text.CLOCK_GetPll0RefFreq
                0x000052b4       0x10 ./drivers/fsl_clock.o
 .text.CLOCK_GetOscRangeFromFreq
                0x000052c4       0x4c ./drivers/fsl_clock.o
 .text.CLOCK_GetOsc0ErClkFreq
                0x00005310       0x4c ./drivers/fsl_clock.o
                0x00005310                CLOCK_GetOsc0ErClkFreq
 .text.CLOCK_GetEr32kClkFreq
                0x0000535c       0x84 ./drivers/fsl_clock.o
                0x0000535c                CLOCK_GetEr32kClkFreq
 .text.CLOCK_GetPllFllSelClkFreq
                0x000053e0       0x50 ./drivers/fsl_clock.o
                0x000053e0                CLOCK_GetPllFllSelClkFreq
 .text.CLOCK_GetFreq
                0x00005430       0xe0 ./drivers/fsl_clock.o
                0x00005430                CLOCK_GetFreq
 .text.CLOCK_SetSimConfig
                0x00005510       0x34 ./drivers/fsl_clock.o
                0x00005510                CLOCK_SetSimConfig
 .text.CLOCK_GetOutClkFreq
                0x00005544       0x64 ./drivers/fsl_clock.o
                0x00005544                CLOCK_GetOutClkFreq
 .text.CLOCK_GetFllFreq
                0x000055a8       0x7c ./drivers/fsl_clock.o
                0x000055a8                CLOCK_GetFllFreq
 .text.CLOCK_GetInternalRefClkFreq
                0x00005624       0x28 ./drivers/fsl_clock.o
                0x00005624                CLOCK_GetInternalRefClkFreq
 .text.CLOCK_GetFixedFreqClkFreq
                0x0000564c       0x30 ./drivers/fsl_clock.o
                0x0000564c                CLOCK_GetFixedFreqClkFreq
 .text.CLOCK_GetPll0Freq
                0x0000567c       0x80 ./drivers/fsl_clock.o
                0x0000567c                CLOCK_GetPll0Freq
 .text.CLOCK_SetExternalRefClkConfig
                0x000056fc       0x40 ./drivers/fsl_clock.o
                0x000056fc                CLOCK_SetExternalRefClkConfig
 .text.CLOCK_SetInternalRefClkConfig
                0x0000573c      0x120 ./drivers/fsl_clock.o
                0x0000573c                CLOCK_SetInternalRefClkConfig
 .text.CLOCK_EnablePll0
                0x0000585c       0xa4 ./drivers/fsl_clock.o
                0x0000585c                CLOCK_EnablePll0
 .text.CLOCK_InitOsc0
                0x00005900       0x98 ./drivers/fsl_clock.o
                0x00005900                CLOCK_InitOsc0
 .text.CLOCK_SetPbeMode
                0x00005998       0xa0 ./drivers/fsl_clock.o
                0x00005998                CLOCK_SetPbeMode
 .text.CLOCK_BootToPeeMode
                0x00005a38       0x80 ./drivers/fsl_clock.o
                0x00005a38                CLOCK_BootToPeeMode
 .text.__assert_func
                0x00005ab8       0x28 ./drivers/fsl_common.o
                0x00005ab8                __assert_func
 .text.CLOCK_EnableClock
                0x00005ae0       0x34 ./drivers/fsl_dac.o
 .text.DAC_GetInstance
                0x00005b14       0x54 ./drivers/fsl_dac.o
 .text.DAC_Init
                0x00005b68       0x94 ./drivers/fsl_dac.o
                0x00005b68                DAC_Init
 .text.DAC_GetDefaultConfig
                0x00005bfc       0x3c ./drivers/fsl_dac.o
                0x00005bfc                DAC_GetDefaultConfig
 .text.DAC_SetBufferValue
                0x00005c38       0x68 ./drivers/fsl_dac.o
                0x00005c38                DAC_SetBufferValue
 .text.DAC_SetBufferReadPointer
                0x00005ca0       0x70 ./drivers/fsl_dac.o
                0x00005ca0                DAC_SetBufferReadPointer
 .text.DMA_ClearChannelStatusFlags
                0x00005d10       0x60 ./drivers/fsl_dma.o
 .text.DMA_HandleIRQ
                0x00005d70       0x60 ./drivers/fsl_dma.o
                0x00005d70                DMA_HandleIRQ
 .text.DMA0_DriverIRQHandler
                0x00005dd0       0x18 ./drivers/fsl_dma.o
                0x00005dd0                DMA0_DriverIRQHandler
 .text.DMA1_DriverIRQHandler
                0x00005de8       0x18 ./drivers/fsl_dma.o
                0x00005de8                DMA1_DriverIRQHandler
 .text.DMA2_DriverIRQHandler
                0x00005e00       0x18 ./drivers/fsl_dma.o
                0x00005e00                DMA2_DriverIRQHandler
 .text.DMA3_DriverIRQHandler
                0x00005e18       0x18 ./drivers/fsl_dma.o
                0x00005e18                DMA3_DriverIRQHandler
 .text.GPIO_WritePinOutput
                0x00005e30       0x40 ./drivers/fsl_gpio.o
 .text.GPIO_GetInstance
                0x00005e70       0x58 ./drivers/fsl_gpio.o
 .text.GPIO_PinInit
                0x00005ec8       0x78 ./drivers/fsl_gpio.o
                0x00005ec8                GPIO_PinInit
 .text.GPIO_ClearPinsInterruptFlags
                0x00005f40       0x3c ./drivers/fsl_gpio.o
                0x00005f40                GPIO_ClearPinsInterruptFlags
 .text.I2C_TransferCommonIRQHandler
                0x00005f7c       0x54 ./drivers/fsl_i2c.o
 .text.I2C0_DriverIRQHandler
                0x00005fd0       0x20 ./drivers/fsl_i2c.o
                0x00005fd0                I2C0_DriverIRQHandler
 .text.I2C1_DriverIRQHandler
                0x00005ff0       0x20 ./drivers/fsl_i2c.o
                0x00005ff0                I2C1_DriverIRQHandler
 .text.CLOCK_EnableClock
                0x00006010       0x34 ./drivers/fsl_lpsci.o
 .text.LPSCI_GetInstance
                0x00006044       0x54 ./drivers/fsl_lpsci.o
                0x00006044                LPSCI_GetInstance
 .text.LPSCI_Init
                0x00006098      0x280 ./drivers/fsl_lpsci.o
                0x00006098                LPSCI_Init
 .text.LPSCI_EnableInterrupts
                0x00006318       0x58 ./drivers/fsl_lpsci.o
                0x00006318                LPSCI_EnableInterrupts
 .text.LPSCI_GetStatusFlags
                0x00006370       0x28 ./drivers/fsl_lpsci.o
                0x00006370                LPSCI_GetStatusFlags
 .text.LPSCI_ClearStatusFlags
                0x00006398       0x98 ./drivers/fsl_lpsci.o
                0x00006398                LPSCI_ClearStatusFlags
 .text.LPSCI_WriteBlocking
                0x00006430       0x5c ./drivers/fsl_lpsci.o
                0x00006430                LPSCI_WriteBlocking
 .text.LPSCI_ReadBlocking
                0x0000648c       0xd4 ./drivers/fsl_lpsci.o
                0x0000648c                LPSCI_ReadBlocking
 .text.UART0_DriverIRQHandler
                0x00006560       0x24 ./drivers/fsl_lpsci.o
                0x00006560                UART0_DriverIRQHandler
 .text.CLOCK_EnableClock
                0x00006584       0x34 ./drivers/fsl_pit.o
 .text.PIT_GetInstance
                0x000065b8       0x54 ./drivers/fsl_pit.o
 .text.PIT_Init
                0x0000660c       0x7c ./drivers/fsl_pit.o
                0x0000660c                PIT_Init
 .text.I2S0_DriverIRQHandler
                0x00006688       0x7c ./drivers/fsl_sai.o
                0x00006688                I2S0_DriverIRQHandler
 .text.SPI0_DriverIRQHandler
                0x00006704       0x48 ./drivers/fsl_spi.o
                0x00006704                SPI0_DriverIRQHandler
 .text.SPI1_DriverIRQHandler
                0x0000674c       0x48 ./drivers/fsl_spi.o
                0x0000674c                SPI1_DriverIRQHandler
 .text.CLOCK_EnableClock
                0x00006794       0x34 ./drivers/fsl_tpm.o
 .text.TPM_GetInstance
                0x000067c8       0x60 ./drivers/fsl_tpm.o
 .text.TPM_Init
                0x00006828       0xe0 ./drivers/fsl_tpm.o
                0x00006828                TPM_Init
 .text.TPM_GetDefaultConfig
                0x00006908       0x60 ./drivers/fsl_tpm.o
                0x00006908                TPM_GetDefaultConfig
 .text.TPM_SetupPwm
                0x00006968      0x214 ./drivers/fsl_tpm.o
                0x00006968                TPM_SetupPwm
 .text.TPM_UpdatePwmDutycycle
                0x00006b7c       0xd4 ./drivers/fsl_tpm.o
                0x00006b7c                TPM_UpdatePwmDutycycle
 .text.UART1_DriverIRQHandler
                0x00006c50       0x24 ./drivers/fsl_uart.o
                0x00006c50                UART1_DriverIRQHandler
 .text.UART2_DriverIRQHandler
                0x00006c74       0x24 ./drivers/fsl_uart.o
                0x00006c74                UART2_DriverIRQHandler
 .text.CLOCK_SetSimSafeDivs
                0x00006c98       0x1c ./board/clock_config.o
 .text.CLOCK_SetXtal0Freq
                0x00006cb4       0x18 ./board/clock_config.o
 .text.BOARD_BootClockRUN
                0x00006ccc       0x60 ./board/clock_config.o
                0x00006ccc                BOARD_BootClockRUN
 .text.CLOCK_EnableClock
                0x00006d2c       0x34 ./board/pin_mux.o
 .text.PORT_SetPinMux
                0x00006d60       0x3c ./board/pin_mux.o
 .text.BOARD_InitPins
                0x00006d9c       0x30 ./board/pin_mux.o
                0x00006d9c                BOARD_InitPins
 .text.atof     0x00006dcc        0xa /opt/Freescale/KDS_v3/toolchain/bin/../lib/gcc/arm-none-eabi/4.8.4/../../../../arm-none-eabi/lib/armv6-m/libg_s.a(lib_a-atof.o)
                0x00006dcc                atof
 *fill*         0x00006dd6        0x2 
 .text.__errno  0x00006dd8        0xc /opt/Freescale/KDS_v3/toolchain/bin/../lib/gcc/arm-none-eabi/4.8.4/../../../../arm-none-eabi/lib/armv6-m/libg_s.a(lib_a-errno.o)
                0x00006dd8                __errno
 .text.exit     0x00006de4       0x2c /opt/Freescale/KDS_v3/toolchain/bin/../lib/gcc/arm-none-eabi/4.8.4/../../../../arm-none-eabi/lib/armv6-m/libg_s.a(lib_a-exit.o)
                0x00006de4                exit
 .text.__libc_init_array
                0x00006e10       0x4c /opt/Freescale/KDS_v3/toolchain/bin/../lib/gcc/arm-none-eabi/4.8.4/../../../../arm-none-eabi/lib/armv6-m/libg_s.a(lib_a-init.o)
                0x00006e10                __libc_init_array
 .text.memcpy   0x00006e5c       0x12 /opt/Freescale/KDS_v3/toolchain/bin/../lib/gcc/arm-none-eabi/4.8.4/../../../../arm-none-eabi/lib/armv6-m/libg_s.a(lib_a-memcpy-stub.o)
                0x00006e5c                memcpy
 .text.memset   0x00006e6e       0x10 /opt/Freescale/KDS_v3/toolchain/bin/../lib/gcc/arm-none-eabi/4.8.4/../../../../arm-none-eabi/lib/armv6-m/libg_s.a(lib_a-memset.o)
                0x00006e6e                memset
 .text.strlen   0x00006e7e        0xe /opt/Freescale/KDS_v3/toolchain/bin/../lib/gcc/arm-none-eabi/4.8.4/../../../../arm-none-eabi/lib/armv6-m/libg_s.a(lib_a-strlen.o)
                0x00006e7e                strlen
 .text.match    0x00006e8c       0x28 /opt/Freescale/KDS_v3/toolchain/bin/../lib/gcc/arm-none-eabi/4.8.4/../../../../arm-none-eabi/lib/armv6-m/libg_s.a(lib_a-strtod.o)
 .text.unlikely.sulp
                0x00006eb4       0x2c /opt/Freescale/KDS_v3/toolchain/bin/../lib/gcc/arm-none-eabi/4.8.4/../../../../arm-none-eabi/lib/armv6-m/libg_s.a(lib_a-strtod.o)
 .text._strtod_r
                0x00006ee0      0xc50 /opt/Freescale/KDS_v3/toolchain/bin/../lib/gcc/arm-none-eabi/4.8.4/../../../../arm-none-eabi/lib/armv6-m/libg_s.a(lib_a-strtod.o)
                0x00006ee0                _strtod_r
 .text.strtod   0x00007b30       0x18 /opt/Freescale/KDS_v3/toolchain/bin/../lib/gcc/arm-none-eabi/4.8.4/../../../../arm-none-eabi/lib/armv6-m/libg_s.a(lib_a-strtod.o)
                0x00007b30                strtod
 .text.rshift   0x00007b48       0x6c /opt/Freescale/KDS_v3/toolchain/bin/../lib/gcc/arm-none-eabi/4.8.4/../../../../arm-none-eabi/lib/armv6-m/libg_s.a(lib_a-gdtoa-gethex.o)
 .text.__hexdig_fun
                0x00007bb4       0x2a /opt/Freescale/KDS_v3/toolchain/bin/../lib/gcc/arm-none-eabi/4.8.4/../../../../arm-none-eabi/lib/armv6-m/libg_s.a(lib_a-gdtoa-gethex.o)
                0x00007bb4                __hexdig_fun
 .text.__gethex
                0x00007bde      0x43c /opt/Freescale/KDS_v3/toolchain/bin/../lib/gcc/arm-none-eabi/4.8.4/../../../../arm-none-eabi/lib/armv6-m/libg_s.a(lib_a-gdtoa-gethex.o)
                0x00007bde                __gethex
 .text.L_shift  0x0000801a       0x24 /opt/Freescale/KDS_v3/toolchain/bin/../lib/gcc/arm-none-eabi/4.8.4/../../../../arm-none-eabi/lib/armv6-m/libg_s.a(lib_a-gdtoa-hexnan.o)
 .text.__hexnan
                0x0000803e      0x132 /opt/Freescale/KDS_v3/toolchain/bin/../lib/gcc/arm-none-eabi/4.8.4/../../../../arm-none-eabi/lib/armv6-m/libg_s.a(lib_a-gdtoa-hexnan.o)
                0x0000803e                __hexnan
 .text._localeconv_r
                0x00008170        0x8 /opt/Freescale/KDS_v3/toolchain/bin/../lib/gcc/arm-none-eabi/4.8.4/../../../../arm-none-eabi/lib/armv6-m/libg_s.a(lib_a-locale.o)
                0x00008170                _localeconv_r
 .text._Balloc  0x00008178       0x70 /opt/Freescale/KDS_v3/toolchain/bin/../lib/gcc/arm-none-eabi/4.8.4/../../../../arm-none-eabi/lib/armv6-m/libg_s.a(lib_a-mprec.o)
                0x00008178                _Balloc
 .text._Bfree   0x000081e8       0x32 /opt/Freescale/KDS_v3/toolchain/bin/../lib/gcc/arm-none-eabi/4.8.4/../../../../arm-none-eabi/lib/armv6-m/libg_s.a(lib_a-mprec.o)
                0x000081e8                _Bfree
 .text.__multadd
                0x0000821a       0x7c /opt/Freescale/KDS_v3/toolchain/bin/../lib/gcc/arm-none-eabi/4.8.4/../../../../arm-none-eabi/lib/armv6-m/libg_s.a(lib_a-mprec.o)
                0x0000821a                __multadd
 .text.__s2b    0x00008296       0x80 /opt/Freescale/KDS_v3/toolchain/bin/../lib/gcc/arm-none-eabi/4.8.4/../../../../arm-none-eabi/lib/armv6-m/libg_s.a(lib_a-mprec.o)
                0x00008296                __s2b
 .text.__hi0bits
                0x00008316       0x38 /opt/Freescale/KDS_v3/toolchain/bin/../lib/gcc/arm-none-eabi/4.8.4/../../../../arm-none-eabi/lib/armv6-m/libg_s.a(lib_a-mprec.o)
                0x00008316                __hi0bits
 .text.__lo0bits
                0x0000834e       0x5a /opt/Freescale/KDS_v3/toolchain/bin/../lib/gcc/arm-none-eabi/4.8.4/../../../../arm-none-eabi/lib/armv6-m/libg_s.a(lib_a-mprec.o)
                0x0000834e                __lo0bits
 .text.__i2b    0x000083a8       0x12 /opt/Freescale/KDS_v3/toolchain/bin/../lib/gcc/arm-none-eabi/4.8.4/../../../../arm-none-eabi/lib/armv6-m/libg_s.a(lib_a-mprec.o)
                0x000083a8                __i2b
 .text.__multiply
                0x000083ba      0x11e /opt/Freescale/KDS_v3/toolchain/bin/../lib/gcc/arm-none-eabi/4.8.4/../../../../arm-none-eabi/lib/armv6-m/libg_s.a(lib_a-mprec.o)
                0x000083ba                __multiply
 .text.__pow5mult
                0x000084d8       0xa4 /opt/Freescale/KDS_v3/toolchain/bin/../lib/gcc/arm-none-eabi/4.8.4/../../../../arm-none-eabi/lib/armv6-m/libg_s.a(lib_a-mprec.o)
                0x000084d8                __pow5mult
 .text.__lshift
                0x0000857c       0xa4 /opt/Freescale/KDS_v3/toolchain/bin/../lib/gcc/arm-none-eabi/4.8.4/../../../../arm-none-eabi/lib/armv6-m/libg_s.a(lib_a-mprec.o)
                0x0000857c                __lshift
 .text.__mcmp   0x00008620       0x36 /opt/Freescale/KDS_v3/toolchain/bin/../lib/gcc/arm-none-eabi/4.8.4/../../../../arm-none-eabi/lib/armv6-m/libg_s.a(lib_a-mprec.o)
                0x00008620                __mcmp
 .text.__mdiff  0x00008656       0xcc /opt/Freescale/KDS_v3/toolchain/bin/../lib/gcc/arm-none-eabi/4.8.4/../../../../arm-none-eabi/lib/armv6-m/libg_s.a(lib_a-mprec.o)
                0x00008656                __mdiff
 *fill*         0x00008722        0x2 
 .text.__ulp    0x00008724       0x44 /opt/Freescale/KDS_v3/toolchain/bin/../lib/gcc/arm-none-eabi/4.8.4/../../../../arm-none-eabi/lib/armv6-m/libg_s.a(lib_a-mprec.o)
                0x00008724                __ulp
 .text.__b2d    0x00008768       0xa4 /opt/Freescale/KDS_v3/toolchain/bin/../lib/gcc/arm-none-eabi/4.8.4/../../../../arm-none-eabi/lib/armv6-m/libg_s.a(lib_a-mprec.o)
                0x00008768                __b2d
 .text.__d2b    0x0000880c       0xb0 /opt/Freescale/KDS_v3/toolchain/bin/../lib/gcc/arm-none-eabi/4.8.4/../../../../arm-none-eabi/lib/armv6-m/libg_s.a(lib_a-mprec.o)
                0x0000880c                __d2b
 .text.__ratio  0x000088bc       0x48 /opt/Freescale/KDS_v3/toolchain/bin/../lib/gcc/arm-none-eabi/4.8.4/../../../../arm-none-eabi/lib/armv6-m/libg_s.a(lib_a-mprec.o)
                0x000088bc                __ratio
 .text.__copybits
                0x00008904       0x2c /opt/Freescale/KDS_v3/toolchain/bin/../lib/gcc/arm-none-eabi/4.8.4/../../../../arm-none-eabi/lib/armv6-m/libg_s.a(lib_a-mprec.o)
                0x00008904                __copybits
 .text.__any_on
                0x00008930       0x44 /opt/Freescale/KDS_v3/toolchain/bin/../lib/gcc/arm-none-eabi/4.8.4/../../../../arm-none-eabi/lib/armv6-m/libg_s.a(lib_a-mprec.o)
                0x00008930                __any_on
 .text._calloc_r
                0x00008974       0x1c /opt/Freescale/KDS_v3/toolchain/bin/../lib/gcc/arm-none-eabi/4.8.4/../../../../arm-none-eabi/lib/armv6-m/libg_s.a(lib_a-nano-callocr.o)
                0x00008974                _calloc_r
 .text._malloc_r
                0x00008990       0xa8 /opt/Freescale/KDS_v3/toolchain/bin/../lib/gcc/arm-none-eabi/4.8.4/../../../../arm-none-eabi/lib/armv6-m/libg_s.a(lib_a-nano-mallocr.o)
                0x00008990                _malloc_r
 .text._sbrk_r  0x00008a38       0x24 /opt/Freescale/KDS_v3/toolchain/bin/../lib/gcc/arm-none-eabi/4.8.4/../../../../arm-none-eabi/lib/armv6-m/libg_s.a(lib_a-sbrkr.o)
                0x00008a38                _sbrk_r
 .text.strncmp  0x00008a5c       0x2c /opt/Freescale/KDS_v3/toolchain/bin/../lib/gcc/arm-none-eabi/4.8.4/../../../../arm-none-eabi/lib/armv6-m/libg_s.a(lib_a-strncmp.o)
                0x00008a5c                strncmp
 .text.malloc   0x00008a88       0x14 /opt/Freescale/KDS_v3/toolchain/bin/../lib/gcc/arm-none-eabi/4.8.4/../../../../arm-none-eabi/lib/armv6-m/libg_s.a(lib_a-malloc.o)
                0x00008a88                malloc
 .text._exit    0x00008a9c        0x4 /opt/Freescale/KDS_v3/toolchain/bin/../lib/gcc/arm-none-eabi/4.8.4/../../../../arm-none-eabi/lib/armv6-m/libnosys.a(_exit.o)
                0x00008a9c                _exit
 *(.rodata)
 .rodata        0x00008aa0       0x34 ./source/control_ADC.o
 .rodata        0x00008ad4        0x8 ./source/control_com.o
 .rodata        0x00008adc       0x20 ./source/control_ventilador.o
 .rodata        0x00008afc       0x70 ./drivers/fsl_adc16.o
 .rodata        0x00008b6c       0x48 ./drivers/fsl_clock.o
 .rodata        0x00008bb4       0x40 ./drivers/fsl_common.o
 .rodata        0x00008bf4       0x68 ./drivers/fsl_dac.o
 .rodata        0x00008c5c      0x140 ./drivers/fsl_dma.o
 .rodata        0x00008d9c       0x70 ./drivers/fsl_gpio.o
 .rodata        0x00008e0c       0xb8 ./drivers/fsl_lpsci.o
 .rodata        0x00008ec4       0x48 ./drivers/fsl_pit.o
 .rodata        0x00008f0c       0xa0 ./drivers/fsl_spi.o
 .rodata        0x00008fac       0xb0 ./drivers/fsl_tpm.o
 .rodata        0x0000905c       0x40 /opt/Freescale/KDS_v3/toolchain/bin/../lib/gcc/arm-none-eabi/4.8.4/armv6-m/libgcc.a(divsf3.o)
 .rodata        0x0000909c       0x40 /opt/Freescale/KDS_v3/toolchain/bin/../lib/gcc/arm-none-eabi/4.8.4/armv6-m/libgcc.a(mulsf3.o)
 .rodata        0x000090dc       0x40 /opt/Freescale/KDS_v3/toolchain/bin/../lib/gcc/arm-none-eabi/4.8.4/armv6-m/libgcc.a(divdf3.o)
 .rodata        0x0000911c       0x40 /opt/Freescale/KDS_v3/toolchain/bin/../lib/gcc/arm-none-eabi/4.8.4/armv6-m/libgcc.a(muldf3.o)
 *(.rodata*)
 .rodata.temperatura_cfg
                0x0000915c        0x8 ./source/control_ADC.o
                0x0000915c                temperatura_cfg
 .rodata.tension_cfg
                0x00009164        0x8 ./source/control_ADC.o
                0x00009164                tension_cfg
 .rodata.__func__.5785
                0x0000916c       0x20 ./source/control_ADC.o
 .rodata.__func__.5703
                0x0000918c       0x14 ./source/control_ventilador.o
 .rodata.main   0x000091a0       0x60 ./source/main.o
 .rodata.__func__.5790
                0x00009200       0x14 ./drivers/fsl_adc16.o
 .rodata.__func__.5795
                0x00009214        0xc ./drivers/fsl_adc16.o
 .rodata.__func__.5803
                0x00009220       0x18 ./drivers/fsl_adc16.o
 .rodata.__func__.5846
                0x00009238       0x18 ./drivers/fsl_adc16.o
 .rodata.__func__.5852
                0x00009250       0x1c ./drivers/fsl_adc16.o
 .rodata.CLOCK_GetFreq
                0x0000926c       0x34 ./drivers/fsl_clock.o
 .rodata.__func__.5680
                0x000092a0       0x18 ./drivers/fsl_clock.o
 .rodata.__func__.5720
                0x000092b8       0x18 ./drivers/fsl_clock.o
 .rodata.__func__.5728
                0x000092d0       0x18 ./drivers/fsl_clock.o
 .rodata.fllFactorTable.5793
                0x000092e8       0x10 ./drivers/fsl_clock.o
 .rodata.__func__.5808
                0x000092f8       0x14 ./drivers/fsl_clock.o
 .rodata.__func__.5851
                0x0000930c       0x14 ./drivers/fsl_clock.o
 .rodata.__func__.6045
                0x00009320       0x14 ./drivers/fsl_clock.o
 .rodata.__func__.5737
                0x00009334       0x10 ./drivers/fsl_dac.o
 .rodata.__func__.5742
                0x00009344        0xc ./drivers/fsl_dac.o
 .rodata.__func__.5750
                0x00009350       0x18 ./drivers/fsl_dac.o
 .rodata.__func__.5766
                0x00009368       0x14 ./drivers/fsl_dac.o
 .rodata.__func__.5771
                0x0000937c       0x1c ./drivers/fsl_dac.o
 .rodata.__func__.5950
                0x00009398       0x10 ./drivers/fsl_dma.o
 .rodata.__func__.5818
                0x000093a8       0x1c ./drivers/fsl_dma.o
 .rodata.s_portBases
                0x000093c4       0x14 ./drivers/fsl_gpio.o
 .rodata.s_gpioBases
                0x000093d8       0x14 ./drivers/fsl_gpio.o
 .rodata.__func__.5730
                0x000093ec       0x14 ./drivers/fsl_gpio.o
 .rodata.__func__.5736
                0x00009400       0x10 ./drivers/fsl_gpio.o
 .rodata.__func__.5864
                0x00009410       0x14 ./drivers/fsl_lpsci.o
 .rodata.__func__.5900
                0x00009424        0xc ./drivers/fsl_lpsci.o
 .rodata.__func__.5966
                0x00009430       0x14 ./drivers/fsl_lpsci.o
 .rodata.__func__.5978
                0x00009444       0x14 ./drivers/fsl_lpsci.o
 .rodata.__func__.5733
                0x00009458       0x10 ./drivers/fsl_pit.o
 .rodata.__func__.5738
                0x00009468        0xc ./drivers/fsl_pit.o
 .rodata.__func__.6078
                0x00009474       0x18 ./drivers/fsl_spi.o
 .rodata.__func__.6082
                0x0000948c       0x18 ./drivers/fsl_spi.o
 .rodata.s_tpmBases
                0x000094a4        0xc ./drivers/fsl_tpm.o
 .rodata.s_tpmClocks
                0x000094b0        0xc ./drivers/fsl_tpm.o
 .rodata.__func__.5822
                0x000094bc       0x10 ./drivers/fsl_tpm.o
 .rodata.__func__.5827
                0x000094cc        0xc ./drivers/fsl_tpm.o
 .rodata.__func__.5834
                0x000094d8       0x18 ./drivers/fsl_tpm.o
 .rodata.__func__.5843
                0x000094f0       0x10 ./drivers/fsl_tpm.o
 .rodata.__func__.5867
                0x00009500       0x18 ./drivers/fsl_tpm.o
 .rodata.g_defaultClockConfigRun
                0x00009518       0x20 ./board/clock_config.o
                0x00009518                g_defaultClockConfigRun
 .rodata.str1.1
                0x00009538        0x2 /opt/Freescale/KDS_v3/toolchain/bin/../lib/gcc/arm-none-eabi/4.8.4/../../../../arm-none-eabi/lib/armv6-m/libg_s.a(lib_a-impure.o)
 *fill*         0x0000953a        0x2 
 .rodata._global_impure_ptr
                0x0000953c        0x4 /opt/Freescale/KDS_v3/toolchain/bin/../lib/gcc/arm-none-eabi/4.8.4/../../../../arm-none-eabi/lib/armv6-m/libg_s.a(lib_a-impure.o)
                0x0000953c                _global_impure_ptr
 .rodata.tinytens
                0x00009540       0x28 /opt/Freescale/KDS_v3/toolchain/bin/../lib/gcc/arm-none-eabi/4.8.4/../../../../arm-none-eabi/lib/armv6-m/libg_s.a(lib_a-strtod.o)
 .rodata.fpi.5246
                0x00009568       0x14 /opt/Freescale/KDS_v3/toolchain/bin/../lib/gcc/arm-none-eabi/4.8.4/../../../../arm-none-eabi/lib/armv6-m/libg_s.a(lib_a-strtod.o)
 .rodata.str1.1
                0x0000957c        0xc /opt/Freescale/KDS_v3/toolchain/bin/../lib/gcc/arm-none-eabi/4.8.4/../../../../arm-none-eabi/lib/armv6-m/libg_s.a(lib_a-strtod.o)
 .rodata.fpinan.5282
                0x00009588       0x14 /opt/Freescale/KDS_v3/toolchain/bin/../lib/gcc/arm-none-eabi/4.8.4/../../../../arm-none-eabi/lib/armv6-m/libg_s.a(lib_a-strtod.o)
 .rodata.str1.1
                0x0000959c        0x8 /opt/Freescale/KDS_v3/toolchain/bin/../lib/gcc/arm-none-eabi/4.8.4/../../../../arm-none-eabi/lib/armv6-m/libg_s.a(lib_a-locale.o)
                                  0xb (size before relaxing)
 *fill*         0x000095a4        0x4 
 .rodata.__mprec_tens
                0x000095a8       0xc8 /opt/Freescale/KDS_v3/toolchain/bin/../lib/gcc/arm-none-eabi/4.8.4/../../../../arm-none-eabi/lib/armv6-m/libg_s.a(lib_a-mprec.o)
                0x000095a8                __mprec_tens
 .rodata.__mprec_bigtens
                0x00009670       0x28 /opt/Freescale/KDS_v3/toolchain/bin/../lib/gcc/arm-none-eabi/4.8.4/../../../../arm-none-eabi/lib/armv6-m/libg_s.a(lib_a-mprec.o)
                0x00009670                __mprec_bigtens
 .rodata.p05.5281
                0x00009698        0xc /opt/Freescale/KDS_v3/toolchain/bin/../lib/gcc/arm-none-eabi/4.8.4/../../../../arm-none-eabi/lib/armv6-m/libg_s.a(lib_a-mprec.o)
 *(.glue_7)
 .glue_7        0x00000000        0x0 linker stubs
 *(.glue_7t)
 .glue_7t       0x00000000        0x0 linker stubs
 *(.eh_frame)
 .eh_frame      0x000096a4        0x0 /opt/Freescale/KDS_v3/toolchain/bin/../lib/gcc/arm-none-eabi/4.8.4/armv6-m/crtbegin.o
 *(.init)
 .init          0x000096a4        0x4 /opt/Freescale/KDS_v3/toolchain/bin/../lib/gcc/arm-none-eabi/4.8.4/armv6-m/crti.o
                0x000096a4                _init
 .init          0x000096a8        0x8 /opt/Freescale/KDS_v3/toolchain/bin/../lib/gcc/arm-none-eabi/4.8.4/armv6-m/crtn.o
 *(.fini)
 .fini          0x000096b0        0x4 /opt/Freescale/KDS_v3/toolchain/bin/../lib/gcc/arm-none-eabi/4.8.4/armv6-m/crti.o
                0x000096b0                _fini
 .fini          0x000096b4        0x8 /opt/Freescale/KDS_v3/toolchain/bin/../lib/gcc/arm-none-eabi/4.8.4/armv6-m/crtn.o
                0x000096bc                . = ALIGN (0x4)

.vfp11_veneer   0x000096bc        0x0
 .vfp11_veneer  0x00000000        0x0 linker stubs

.v4_bx          0x000096bc        0x0
 .v4_bx         0x00000000        0x0 linker stubs

.iplt           0x000096bc        0x0
 .iplt          0x00000000        0x0 /opt/Freescale/KDS_v3/toolchain/bin/../lib/gcc/arm-none-eabi/4.8.4/armv6-m/crtbegin.o

.ARM.extab
 *(.ARM.extab* .gnu.linkonce.armextab.*)

.ARM            0x000096bc        0x8
                0x000096bc                __exidx_start = .
 *(.ARM.exidx*)
 .ARM.exidx     0x000096bc        0x8 /opt/Freescale/KDS_v3/toolchain/bin/../lib/gcc/arm-none-eabi/4.8.4/../../../../arm-none-eabi/lib/armv6-m/crt0.o
 .ARM.exidx     0x000096c4        0x0 /opt/Freescale/KDS_v3/toolchain/bin/../lib/gcc/arm-none-eabi/4.8.4/armv6-m/libgcc.a(_divdi3.o)
                                  0x8 (size before relaxing)
 .ARM.exidx     0x000096c4        0x0 /opt/Freescale/KDS_v3/toolchain/bin/../lib/gcc/arm-none-eabi/4.8.4/armv6-m/libgcc.a(_udivdi3.o)
                                  0x8 (size before relaxing)
                0x000096c4                __exidx_end = .

.rel.dyn        0x000096c4        0x0
 .rel.iplt      0x00000000        0x0 /opt/Freescale/KDS_v3/toolchain/bin/../lib/gcc/arm-none-eabi/4.8.4/armv6-m/crtbegin.o

.ctors          0x000096c4        0x0
                0x000096c4                __CTOR_LIST__ = .
 *crtbegin.o(.ctors)
 *crtbegin?.o(.ctors)
 *(EXCLUDE_FILE(*crtend.o *crtend?.o) .ctors)
 *(SORT(.ctors.*))
 *(.ctors)
                0x000096c4                __CTOR_END__ = .

.dtors          0x000096c4        0x0
                0x000096c4                __DTOR_LIST__ = .
 *crtbegin.o(.dtors)
 *crtbegin?.o(.dtors)
 *(EXCLUDE_FILE(*crtend.o *crtend?.o) .dtors)
 *(SORT(.dtors.*))
 *(.dtors)
                0x000096c4                __DTOR_END__ = .

.preinit_array  0x000096c4        0x0
                0x000096c4                PROVIDE (__preinit_array_start, .)
 *(.preinit_array*)
                0x000096c4                PROVIDE (__preinit_array_end, .)

.init_array     0x000096c4        0x4
                0x000096c4                PROVIDE (__init_array_start, .)
 *(SORT(.init_array.*))
 *(.init_array*)
 .init_array    0x000096c4        0x4 /opt/Freescale/KDS_v3/toolchain/bin/../lib/gcc/arm-none-eabi/4.8.4/armv6-m/crtbegin.o
                0x000096c8                PROVIDE (__init_array_end, .)

.fini_array     0x000096c8        0x4
                0x000096c8                PROVIDE (__fini_array_start, .)
 *(SORT(.fini_array.*))
 *(.fini_array*)
 .fini_array    0x000096c8        0x4 /opt/Freescale/KDS_v3/toolchain/bin/../lib/gcc/arm-none-eabi/4.8.4/armv6-m/crtbegin.o
                0x000096cc                PROVIDE (__fini_array_end, .)
                0x000096cc                __etext = .
                0x000096cc                __DATA_ROM = .

.mtb            0x1fffe000        0x0
                0x1fffe000                . = ALIGN (0x8)
                0x1fffe000                _mtb_start = .
 *(.mtb_buf)
                0x1fffe000                . = ALIGN (0x8)
                0x1fffe000                _mtb_end = .

.interrupts_ram
                0x1fffe000        0x0
                0x1fffe000                . = ALIGN (0x4)
                0x1fffe000                __VECTOR_RAM__ = .
                0x1fffe000                __interrupts_ram_start__ = .
 *(.m_interrupts_ram)
                0x1fffe000                . = (. + M_VECTOR_RAM_SIZE)
                0x1fffe000                . = ALIGN (0x4)
                0x1fffe000                __interrupts_ram_end__ = .
                0x00000000                __VECTOR_RAM = DEFINED (__ram_vector_table__)?__VECTOR_RAM__:ORIGIN (m_interrupts)
                0x00000000                __RAM_VECTOR_TABLE_SIZE_BYTES = DEFINED (__ram_vector_table__)?(__interrupts_ram_end__ - __interrupts_ram_start__):0x0

.data           0x1fffe000       0xac load address 0x000096cc
                0x1fffe000                . = ALIGN (0x4)
                0x1fffe000                __DATA_RAM = .
                0x1fffe000                __data_start__ = .
 *(.data)
 *(.data*)
 .data.SystemCoreClock
                0x1fffe000        0x4 ./startup/system_MKL46Z4.o
                0x1fffe000                SystemCoreClock
 .data.s_slowIrcFreq
                0x1fffe004        0x4 ./drivers/fsl_clock.o
 .data.s_fastIrcFreq
                0x1fffe008        0x4 ./drivers/fsl_clock.o
 .data.impure_data
                0x1fffe00c       0x60 /opt/Freescale/KDS_v3/toolchain/bin/../lib/gcc/arm-none-eabi/4.8.4/../../../../arm-none-eabi/lib/armv6-m/libg_s.a(lib_a-impure.o)
 .data._impure_ptr
                0x1fffe06c        0x4 /opt/Freescale/KDS_v3/toolchain/bin/../lib/gcc/arm-none-eabi/4.8.4/../../../../arm-none-eabi/lib/armv6-m/libg_s.a(lib_a-impure.o)
                0x1fffe06c                _impure_ptr
 .data.lconv    0x1fffe070       0x38 /opt/Freescale/KDS_v3/toolchain/bin/../lib/gcc/arm-none-eabi/4.8.4/../../../../arm-none-eabi/lib/armv6-m/libg_s.a(lib_a-locale.o)
 *(.jcr*)
 .jcr           0x1fffe0a8        0x0 /opt/Freescale/KDS_v3/toolchain/bin/../lib/gcc/arm-none-eabi/4.8.4/armv6-m/crtbegin.o
 .jcr           0x1fffe0a8        0x4 /opt/Freescale/KDS_v3/toolchain/bin/../lib/gcc/arm-none-eabi/4.8.4/armv6-m/crtend.o
                0x1fffe0ac                . = ALIGN (0x4)
                0x1fffe0ac                __data_end__ = .
                0x00009778                __DATA_END = (__DATA_ROM + (__data_end__ - __data_start__))
                0x00040000                text_end = (ORIGIN (m_text) + 0x3fbf0)
                0x00000001                ASSERT ((__DATA_END <= text_end), region m_text overflowed with text and data)
                0x00000800                USB_RAM_GAP = DEFINED (__usb_ram_size__)?__usb_ram_size__:0x800

.igot.plt       0x1fffe0ac        0x0 load address 0x00009778
 .igot.plt      0x00000000        0x0 /opt/Freescale/KDS_v3/toolchain/bin/../lib/gcc/arm-none-eabi/4.8.4/armv6-m/crtbegin.o

.bss            0x1fffe0ac      0x96c load address 0x00009778
                0x1fffe0ac                . = ALIGN (0x4)
                0x1fffe0ac                __START_BSS = .
                0x1fffe0ac                __bss_start__ = .
 *(.bss)
 .bss           0x1fffe0ac       0x1c /opt/Freescale/KDS_v3/toolchain/bin/../lib/gcc/arm-none-eabi/4.8.4/armv6-m/crtbegin.o
 *(.bss*)
 .bss.s_debugConsole
                0x1fffe0c8       0x10 ./utilities/fsl_debug_console.o
 .bss.heap_end.4969
                0x1fffe0d8        0x4 ./utilities/fsl_sbrk.o
 .bss.tension_entrada
                0x1fffe0dc        0x4 ./source/control_ADC.o
                0x1fffe0dc                tension_entrada
 .bss.temperatura
                0x1fffe0e0        0x2 ./source/control_ADC.o
                0x1fffe0e0                temperatura
 .bss.lectura_en_curso
                0x1fffe0e2        0x1 ./source/control_ADC.o
                0x1fffe0e2                lectura_en_curso
 .bss.lectura_temp_completada
                0x1fffe0e3        0x1 ./source/control_ADC.o
                0x1fffe0e3                lectura_temp_completada
 .bss.lectura_tens_completada
                0x1fffe0e4        0x1 ./source/control_ADC.o
                0x1fffe0e4                lectura_tens_completada
 .bss.tension_flag
                0x1fffe0e5        0x1 ./source/control_ADC.o
                0x1fffe0e5                tension_flag
 .bss.temperature_flag
                0x1fffe0e6        0x1 ./source/control_ADC.o
                0x1fffe0e6                temperature_flag
 .bss.data_in_flag
                0x1fffe0e7        0x1 ./source/control_com.o
                0x1fffe0e7                data_in_flag
 .bss.data_in   0x1fffe0e8        0x4 ./source/control_com.o
                0x1fffe0e8                data_in
 .bss.buff      0x1fffe0ec        0x8 ./source/control_com.o
                0x1fffe0ec                buff
 .bss.corriente_sd
                0x1fffe0f4        0x4 ./source/control_corriente.o
                0x1fffe0f4                corriente_sd
 .bss.rpm_counter
                0x1fffe0f8        0x1 ./source/control_ventilador.o
                0x1fffe0f8                rpm_counter
 .bss.rpmCountFlag
                0x1fffe0f9        0x1 ./source/main.o
                0x1fffe0f9                rpmCountFlag
 .bss.leer_ADC_flag
                0x1fffe0fa        0x1 ./source/main.o
                0x1fffe0fa                leer_ADC_flag
 *fill*         0x1fffe0fb        0x1 
 .bss.s_DMAHandle
                0x1fffe0fc       0x10 ./drivers/fsl_dma.o
 .bss.s_i2cHandle
                0x1fffe10c        0x8 ./drivers/fsl_i2c.o
 .bss.s_i2cMasterIsr
                0x1fffe114        0x4 ./drivers/fsl_i2c.o
 .bss.s_i2cSlaveIsr
                0x1fffe118        0x4 ./drivers/fsl_i2c.o
 .bss.s_lpsciHandle
                0x1fffe11c        0x4 ./drivers/fsl_lpsci.o
 .bss.s_lpsciIsr
                0x1fffe120        0x4 ./drivers/fsl_lpsci.o
 .bss.s_saiTxIsr
                0x1fffe124        0x4 ./drivers/fsl_sai.o
 .bss.s_saiRxIsr
                0x1fffe128        0x4 ./drivers/fsl_sai.o
 .bss.s_spiHandle
                0x1fffe12c        0x8 ./drivers/fsl_spi.o
 .bss.s_spiIsr  0x1fffe134        0x4 ./drivers/fsl_spi.o
 .bss.s_uartHandle
                0x1fffe138        0xc ./drivers/fsl_uart.o
 .bss.s_uartIsr
                0x1fffe144        0x4 ./drivers/fsl_uart.o
 .bss.__malloc_sbrk_start
                0x1fffe148        0x4 /opt/Freescale/KDS_v3/toolchain/bin/../lib/gcc/arm-none-eabi/4.8.4/../../../../arm-none-eabi/lib/armv6-m/libg_s.a(lib_a-nano-mallocr.o)
                0x1fffe148                __malloc_sbrk_start
 .bss.__malloc_free_list
                0x1fffe14c        0x4 /opt/Freescale/KDS_v3/toolchain/bin/../lib/gcc/arm-none-eabi/4.8.4/../../../../arm-none-eabi/lib/armv6-m/libg_s.a(lib_a-nano-mallocr.o)
                0x1fffe14c                __malloc_free_list
                0x1fffe200                . = ALIGN (0x200)
 *fill*         0x1fffe150       0xb0 
                0x1fffe200                USB_RAM_START = .
                0x1fffea00                . = (. + USB_RAM_GAP)
 *fill*         0x1fffe200      0x800 
 *(COMMON)
 COMMON         0x1fffea00        0x1 ./source/control_com.o
                0x1fffea00                comando
 *fill*         0x1fffea01        0x3 
 COMMON         0x1fffea04        0x8 ./drivers/fsl_clock.o
                0x1fffea04                g_xtal32Freq
                0x1fffea08                g_xtal0Freq
 COMMON         0x1fffea0c        0x8 ./drivers/fsl_sai.o
                0x1fffea0c                s_saiHandle
 COMMON         0x1fffea14        0x4 /opt/Freescale/KDS_v3/toolchain/bin/../lib/gcc/arm-none-eabi/4.8.4/../../../../arm-none-eabi/lib/armv6-m/libg_s.a(lib_a-reent.o)
                0x1fffea14                errno
                0x1fffea18                . = ALIGN (0x4)
                0x1fffea18                __bss_end__ = .
                0x1fffea18                __END_BSS = .

.heap           0x1fffea18      0x400 load address 0x0000a0e4
                0x1fffea18                . = ALIGN (0x8)
                0x1fffea18                __end__ = .
                0x1fffea18                PROVIDE (end, .)
                0x1fffea18                __HeapBase = .
                0x1fffee18                . = (. + HEAP_SIZE)
 *fill*         0x1fffea18      0x400 
                0x1fffee18                __HeapLimit = .
                0x1fffee18                __heap_limit = .

.stack          0x1fffee18      0x400 load address 0x0000a4e4
                0x1fffee18                . = ALIGN (0x8)
                0x1ffff218                . = (. + STACK_SIZE)
 *fill*         0x1fffee18      0x400 

m_usb_bdt       0x1fffe200        0x0
 *(m_usb_bdt)
                0x1fffe200                USB_RAM_BDT_END = .

m_usb_global
 *(m_usb_global)
                0x20006000                __StackTop = (ORIGIN (m_data) + 0x8000)
                0x20005c00                __StackLimit = (__StackTop - STACK_SIZE)
                0x20006000                PROVIDE (__stack, __StackTop)

.ARM.attributes
                0x00000000       0x28
 *(.ARM.attributes)
 .ARM.attributes
                0x00000000       0x1e /opt/Freescale/KDS_v3/toolchain/bin/../lib/gcc/arm-none-eabi/4.8.4/armv6-m/crti.o
 .ARM.attributes
                0x0000001e       0x2c /opt/Freescale/KDS_v3/toolchain/bin/../lib/gcc/arm-none-eabi/4.8.4/armv6-m/crtbegin.o
 .ARM.attributes
                0x0000004a       0x1b /opt/Freescale/KDS_v3/toolchain/bin/../lib/gcc/arm-none-eabi/4.8.4/../../../../arm-none-eabi/lib/armv6-m/crt0.o
 .ARM.attributes
                0x00000065       0x32 ./utilities/fsl_debug_console.o
 .ARM.attributes
                0x00000097       0x32 ./utilities/fsl_sbrk.o
 .ARM.attributes
                0x000000c9       0x1b ./startup/startup_MKL46Z4.o
 .ARM.attributes
                0x000000e4       0x32 ./startup/system_MKL46Z4.o
 .ARM.attributes
                0x00000116       0x32 ./source/control_ADC.o
 .ARM.attributes
                0x00000148       0x32 ./source/control_com.o
 .ARM.attributes
                0x0000017a       0x32 ./source/control_corriente.o
 .ARM.attributes
                0x000001ac       0x32 ./source/control_ventilador.o
 .ARM.attributes
                0x000001de       0x32 ./source/main.o
 .ARM.attributes
                0x00000210       0x32 ./source/timer.o
 .ARM.attributes
                0x00000242       0x32 ./drivers/fsl_adc16.o
 .ARM.attributes
                0x00000274       0x32 ./drivers/fsl_clock.o
 .ARM.attributes
                0x000002a6       0x32 ./drivers/fsl_common.o
 .ARM.attributes
                0x000002d8       0x32 ./drivers/fsl_dac.o
 .ARM.attributes
                0x0000030a       0x32 ./drivers/fsl_dma.o
 .ARM.attributes
                0x0000033c       0x32 ./drivers/fsl_gpio.o
 .ARM.attributes
                0x0000036e       0x32 ./drivers/fsl_i2c.o
 .ARM.attributes
                0x000003a0       0x32 ./drivers/fsl_lpsci.o
 .ARM.attributes
                0x000003d2       0x32 ./drivers/fsl_pit.o
 .ARM.attributes
                0x00000404       0x32 ./drivers/fsl_sai.o
 .ARM.attributes
                0x00000436       0x32 ./drivers/fsl_spi.o
 .ARM.attributes
                0x00000468       0x32 ./drivers/fsl_tpm.o
 .ARM.attributes
                0x0000049a       0x32 ./drivers/fsl_uart.o
 .ARM.attributes
                0x000004cc       0x32 ./board/clock_config.o
 .ARM.attributes
                0x000004fe       0x32 ./board/pin_mux.o
 .ARM.attributes
                0x00000530       0x1e /opt/Freescale/KDS_v3/toolchain/bin/../lib/gcc/arm-none-eabi/4.8.4/armv6-m/libgcc.a(_udivsi3.o)
 .ARM.attributes
                0x0000054e       0x1e /opt/Freescale/KDS_v3/toolchain/bin/../lib/gcc/arm-none-eabi/4.8.4/armv6-m/libgcc.a(_divsi3.o)
 .ARM.attributes
                0x0000056c       0x1e /opt/Freescale/KDS_v3/toolchain/bin/../lib/gcc/arm-none-eabi/4.8.4/armv6-m/libgcc.a(_dvmd_tls.o)
 .ARM.attributes
                0x0000058a       0x1e /opt/Freescale/KDS_v3/toolchain/bin/../lib/gcc/arm-none-eabi/4.8.4/armv6-m/libgcc.a(_arm_cmpsf2.o)
 .ARM.attributes
                0x000005a8       0x1e /opt/Freescale/KDS_v3/toolchain/bin/../lib/gcc/arm-none-eabi/4.8.4/armv6-m/libgcc.a(_aeabi_uldivmod.o)
 .ARM.attributes
                0x000005c6       0x2c /opt/Freescale/KDS_v3/toolchain/bin/../lib/gcc/arm-none-eabi/4.8.4/armv6-m/libgcc.a(_muldi3.o)
 .ARM.attributes
                0x000005f2       0x2c /opt/Freescale/KDS_v3/toolchain/bin/../lib/gcc/arm-none-eabi/4.8.4/armv6-m/libgcc.a(_fixunssfsi.o)
 .ARM.attributes
                0x0000061e       0x2c /opt/Freescale/KDS_v3/toolchain/bin/../lib/gcc/arm-none-eabi/4.8.4/armv6-m/libgcc.a(bpabi.o)
 .ARM.attributes
                0x0000064a       0x2c /opt/Freescale/KDS_v3/toolchain/bin/../lib/gcc/arm-none-eabi/4.8.4/armv6-m/libgcc.a(divsf3.o)
 .ARM.attributes
                0x00000676       0x2c /opt/Freescale/KDS_v3/toolchain/bin/../lib/gcc/arm-none-eabi/4.8.4/armv6-m/libgcc.a(eqsf2.o)
 .ARM.attributes
                0x000006a2       0x2c /opt/Freescale/KDS_v3/toolchain/bin/../lib/gcc/arm-none-eabi/4.8.4/armv6-m/libgcc.a(gesf2.o)
 .ARM.attributes
                0x000006ce       0x2c /opt/Freescale/KDS_v3/toolchain/bin/../lib/gcc/arm-none-eabi/4.8.4/armv6-m/libgcc.a(lesf2.o)
 .ARM.attributes
                0x000006fa       0x2c /opt/Freescale/KDS_v3/toolchain/bin/../lib/gcc/arm-none-eabi/4.8.4/armv6-m/libgcc.a(mulsf3.o)
 .ARM.attributes
                0x00000726       0x2c /opt/Freescale/KDS_v3/toolchain/bin/../lib/gcc/arm-none-eabi/4.8.4/armv6-m/libgcc.a(subsf3.o)
 .ARM.attributes
                0x00000752       0x2c /opt/Freescale/KDS_v3/toolchain/bin/../lib/gcc/arm-none-eabi/4.8.4/armv6-m/libgcc.a(fixsfsi.o)
 .ARM.attributes
                0x0000077e       0x2c /opt/Freescale/KDS_v3/toolchain/bin/../lib/gcc/arm-none-eabi/4.8.4/armv6-m/libgcc.a(floatunsisf.o)
 .ARM.attributes
                0x000007aa       0x2c /opt/Freescale/KDS_v3/toolchain/bin/../lib/gcc/arm-none-eabi/4.8.4/armv6-m/libgcc.a(truncdfsf2.o)
 .ARM.attributes
                0x000007d6       0x1e /opt/Freescale/KDS_v3/toolchain/bin/../lib/gcc/arm-none-eabi/4.8.4/armv6-m/libgcc.a(_clzsi2.o)
 .ARM.attributes
                0x000007f4       0x2c /opt/Freescale/KDS_v3/toolchain/bin/../lib/gcc/arm-none-eabi/4.8.4/armv6-m/libgcc.a(_divdi3.o)
 .ARM.attributes
                0x00000820       0x2c /opt/Freescale/KDS_v3/toolchain/bin/../lib/gcc/arm-none-eabi/4.8.4/armv6-m/libgcc.a(_udivdi3.o)
 .ARM.attributes
                0x0000084c       0x2c /opt/Freescale/KDS_v3/toolchain/bin/../lib/gcc/arm-none-eabi/4.8.4/../../../../arm-none-eabi/lib/armv6-m/libg_s.a(lib_a-atof.o)
 .ARM.attributes
                0x00000878       0x2c /opt/Freescale/KDS_v3/toolchain/bin/../lib/gcc/arm-none-eabi/4.8.4/../../../../arm-none-eabi/lib/armv6-m/libg_s.a(lib_a-errno.o)
 .ARM.attributes
                0x000008a4       0x2c /opt/Freescale/KDS_v3/toolchain/bin/../lib/gcc/arm-none-eabi/4.8.4/../../../../arm-none-eabi/lib/armv6-m/libg_s.a(lib_a-exit.o)
 .ARM.attributes
                0x000008d0       0x2c /opt/Freescale/KDS_v3/toolchain/bin/../lib/gcc/arm-none-eabi/4.8.4/../../../../arm-none-eabi/lib/armv6-m/libg_s.a(lib_a-impure.o)
 .ARM.attributes
                0x000008fc       0x2c /opt/Freescale/KDS_v3/toolchain/bin/../lib/gcc/arm-none-eabi/4.8.4/../../../../arm-none-eabi/lib/armv6-m/libg_s.a(lib_a-init.o)
 .ARM.attributes
                0x00000928       0x2c /opt/Freescale/KDS_v3/toolchain/bin/../lib/gcc/arm-none-eabi/4.8.4/../../../../arm-none-eabi/lib/armv6-m/libg_s.a(lib_a-memcpy-stub.o)
 .ARM.attributes
                0x00000954       0x2c /opt/Freescale/KDS_v3/toolchain/bin/../lib/gcc/arm-none-eabi/4.8.4/../../../../arm-none-eabi/lib/armv6-m/libg_s.a(lib_a-memset.o)
 .ARM.attributes
                0x00000980       0x2c /opt/Freescale/KDS_v3/toolchain/bin/../lib/gcc/arm-none-eabi/4.8.4/../../../../arm-none-eabi/lib/armv6-m/libg_s.a(lib_a-strlen.o)
 .ARM.attributes
                0x000009ac       0x2c /opt/Freescale/KDS_v3/toolchain/bin/../lib/gcc/arm-none-eabi/4.8.4/../../../../arm-none-eabi/lib/armv6-m/libg_s.a(lib_a-strtod.o)
 .ARM.attributes
                0x000009d8       0x2c /opt/Freescale/KDS_v3/toolchain/bin/../lib/gcc/arm-none-eabi/4.8.4/../../../../arm-none-eabi/lib/armv6-m/libg_s.a(lib_a-gdtoa-gethex.o)
 .ARM.attributes
                0x00000a04       0x2c /opt/Freescale/KDS_v3/toolchain/bin/../lib/gcc/arm-none-eabi/4.8.4/../../../../arm-none-eabi/lib/armv6-m/libg_s.a(lib_a-gdtoa-hexnan.o)
 .ARM.attributes
                0x00000a30       0x2c /opt/Freescale/KDS_v3/toolchain/bin/../lib/gcc/arm-none-eabi/4.8.4/../../../../arm-none-eabi/lib/armv6-m/libg_s.a(lib_a-locale.o)
 .ARM.attributes
                0x00000a5c       0x2c /opt/Freescale/KDS_v3/toolchain/bin/../lib/gcc/arm-none-eabi/4.8.4/../../../../arm-none-eabi/lib/armv6-m/libg_s.a(lib_a-mprec.o)
 .ARM.attributes
                0x00000a88       0x2c /opt/Freescale/KDS_v3/toolchain/bin/../lib/gcc/arm-none-eabi/4.8.4/../../../../arm-none-eabi/lib/armv6-m/libg_s.a(lib_a-nano-callocr.o)
 .ARM.attributes
                0x00000ab4       0x2c /opt/Freescale/KDS_v3/toolchain/bin/../lib/gcc/arm-none-eabi/4.8.4/../../../../arm-none-eabi/lib/armv6-m/libg_s.a(lib_a-nano-mallocr.o)
 .ARM.attributes
                0x00000ae0       0x2c /opt/Freescale/KDS_v3/toolchain/bin/../lib/gcc/arm-none-eabi/4.8.4/../../../../arm-none-eabi/lib/armv6-m/libg_s.a(lib_a-sbrkr.o)
 .ARM.attributes
                0x00000b0c       0x2c /opt/Freescale/KDS_v3/toolchain/bin/../lib/gcc/arm-none-eabi/4.8.4/../../../../arm-none-eabi/lib/armv6-m/libg_s.a(lib_a-strncmp.o)
 .ARM.attributes
                0x00000b38       0x2c /opt/Freescale/KDS_v3/toolchain/bin/../lib/gcc/arm-none-eabi/4.8.4/../../../../arm-none-eabi/lib/armv6-m/libg_s.a(lib_a-malloc.o)
 .ARM.attributes
                0x00000b64       0x2c /opt/Freescale/KDS_v3/toolchain/bin/../lib/gcc/arm-none-eabi/4.8.4/../../../../arm-none-eabi/lib/armv6-m/libg_s.a(lib_a-reent.o)
 .ARM.attributes
                0x00000b90       0x1e /opt/Freescale/KDS_v3/toolchain/bin/../lib/gcc/arm-none-eabi/4.8.4/armv6-m/libgcc.a(_thumb1_case_uqi.o)
 .ARM.attributes
                0x00000bae       0x1e /opt/Freescale/KDS_v3/toolchain/bin/../lib/gcc/arm-none-eabi/4.8.4/armv6-m/libgcc.a(_arm_cmpdf2.o)
 .ARM.attributes
                0x00000bcc       0x2c /opt/Freescale/KDS_v3/toolchain/bin/../lib/gcc/arm-none-eabi/4.8.4/armv6-m/libgcc.a(_fixunsdfsi.o)
 .ARM.attributes
                0x00000bf8       0x2c /opt/Freescale/KDS_v3/toolchain/bin/../lib/gcc/arm-none-eabi/4.8.4/armv6-m/libgcc.a(adddf3.o)
 .ARM.attributes
                0x00000c24       0x2c /opt/Freescale/KDS_v3/toolchain/bin/../lib/gcc/arm-none-eabi/4.8.4/armv6-m/libgcc.a(divdf3.o)
 .ARM.attributes
                0x00000c50       0x2c /opt/Freescale/KDS_v3/toolchain/bin/../lib/gcc/arm-none-eabi/4.8.4/armv6-m/libgcc.a(eqdf2.o)
 .ARM.attributes
                0x00000c7c       0x2c /opt/Freescale/KDS_v3/toolchain/bin/../lib/gcc/arm-none-eabi/4.8.4/armv6-m/libgcc.a(gedf2.o)
 .ARM.attributes
                0x00000ca8       0x2c /opt/Freescale/KDS_v3/toolchain/bin/../lib/gcc/arm-none-eabi/4.8.4/armv6-m/libgcc.a(ledf2.o)
 .ARM.attributes
                0x00000cd4       0x2c /opt/Freescale/KDS_v3/toolchain/bin/../lib/gcc/arm-none-eabi/4.8.4/armv6-m/libgcc.a(muldf3.o)
 .ARM.attributes
                0x00000d00       0x2c /opt/Freescale/KDS_v3/toolchain/bin/../lib/gcc/arm-none-eabi/4.8.4/armv6-m/libgcc.a(subdf3.o)
 .ARM.attributes
                0x00000d2c       0x2c /opt/Freescale/KDS_v3/toolchain/bin/../lib/gcc/arm-none-eabi/4.8.4/armv6-m/libgcc.a(fixdfsi.o)
 .ARM.attributes
                0x00000d58       0x2c /opt/Freescale/KDS_v3/toolchain/bin/../lib/gcc/arm-none-eabi/4.8.4/armv6-m/libgcc.a(floatsidf.o)
 .ARM.attributes
                0x00000d84       0x2c /opt/Freescale/KDS_v3/toolchain/bin/../lib/gcc/arm-none-eabi/4.8.4/armv6-m/libgcc.a(floatunsidf.o)
 .ARM.attributes
                0x00000db0       0x2c /opt/Freescale/KDS_v3/toolchain/bin/../lib/gcc/arm-none-eabi/4.8.4/../../../../arm-none-eabi/lib/armv6-m/libnosys.a(_exit.o)
 .ARM.attributes
                0x00000ddc       0x2c /opt/Freescale/KDS_v3/toolchain/bin/../lib/gcc/arm-none-eabi/4.8.4/armv6-m/crtend.o
 .ARM.attributes
                0x00000e08       0x1e /opt/Freescale/KDS_v3/toolchain/bin/../lib/gcc/arm-none-eabi/4.8.4/armv6-m/crtn.o
                0x00000001                ASSERT ((__StackLimit >= __HeapLimit), region m_data overflowed with stack and heap)
OUTPUT(Proyecto_final_v3.elf elf32-littlearm)

.debug_info     0x00000000    0x123c5
 .debug_info    0x00000000      0xdbe ./utilities/fsl_debug_console.o
 .debug_info    0x00000dbe      0x112 ./utilities/fsl_sbrk.o
 .debug_info    0x00000ed0       0x81 ./startup/startup_MKL46Z4.o
 .debug_info    0x00000f51      0x3ea ./startup/system_MKL46Z4.o
 .debug_info    0x0000133b      0xbd7 ./source/control_ADC.o
 .debug_info    0x00001f12      0xc26 ./source/control_com.o
 .debug_info    0x00002b38      0x3de ./source/control_corriente.o
 .debug_info    0x00002f16      0xfda ./source/control_ventilador.o
 .debug_info    0x00003ef0      0x331 ./source/main.o
 .debug_info    0x00004221      0x774 ./source/timer.o
 .debug_info    0x00004995      0xc2a ./drivers/fsl_adc16.o
 .debug_info    0x000055bf     0x1970 ./drivers/fsl_clock.o
 .debug_info    0x00006f2f      0x371 ./drivers/fsl_common.o
 .debug_info    0x000072a0      0x8fc ./drivers/fsl_dac.o
 .debug_info    0x00007b9c      0xfdf ./drivers/fsl_dma.o
 .debug_info    0x00008b7b      0x70f ./drivers/fsl_gpio.o
 .debug_info    0x0000928a     0x19e5 ./drivers/fsl_i2c.o
 .debug_info    0x0000ac6f     0x164a ./drivers/fsl_lpsci.o
 .debug_info    0x0000c2b9      0x5f0 ./drivers/fsl_pit.o
 .debug_info    0x0000c8a9     0x17ef ./drivers/fsl_sai.o
 .debug_info    0x0000e098     0x14cf ./drivers/fsl_spi.o
 .debug_info    0x0000f567      0xcc2 ./drivers/fsl_tpm.o
 .debug_info    0x00010229     0x15d0 ./drivers/fsl_uart.o
 .debug_info    0x000117f9      0x87b ./board/clock_config.o
 .debug_info    0x00012074      0x351 ./board/pin_mux.o

.debug_abbrev   0x00000000     0x2fde
 .debug_abbrev  0x00000000      0x254 ./utilities/fsl_debug_console.o
 .debug_abbrev  0x00000254       0xa3 ./utilities/fsl_sbrk.o
 .debug_abbrev  0x000002f7       0x14 ./startup/startup_MKL46Z4.o
 .debug_abbrev  0x0000030b      0x109 ./startup/system_MKL46Z4.o
 .debug_abbrev  0x00000414      0x1fd ./source/control_ADC.o
 .debug_abbrev  0x00000611      0x220 ./source/control_com.o
 .debug_abbrev  0x00000831      0x154 ./source/control_corriente.o
 .debug_abbrev  0x00000985      0x277 ./source/control_ventilador.o
 .debug_abbrev  0x00000bfc       0xb5 ./source/main.o
 .debug_abbrev  0x00000cb1      0x1db ./source/timer.o
 .debug_abbrev  0x00000e8c      0x237 ./drivers/fsl_adc16.o
 .debug_abbrev  0x000010c3      0x2b8 ./drivers/fsl_clock.o
 .debug_abbrev  0x0000137b      0x157 ./drivers/fsl_common.o
 .debug_abbrev  0x000014d2      0x1d4 ./drivers/fsl_dac.o
 .debug_abbrev  0x000016a6      0x269 ./drivers/fsl_dma.o
 .debug_abbrev  0x0000190f      0x1ba ./drivers/fsl_gpio.o
 .debug_abbrev  0x00001ac9      0x2e8 ./drivers/fsl_i2c.o
 .debug_abbrev  0x00001db1      0x34d ./drivers/fsl_lpsci.o
 .debug_abbrev  0x000020fe      0x1be ./drivers/fsl_pit.o
 .debug_abbrev  0x000022bc      0x275 ./drivers/fsl_sai.o
 .debug_abbrev  0x00002531      0x26a ./drivers/fsl_spi.o
 .debug_abbrev  0x0000279b      0x210 ./drivers/fsl_tpm.o
 .debug_abbrev  0x000029ab      0x365 ./drivers/fsl_uart.o
 .debug_abbrev  0x00002d10      0x1a5 ./board/clock_config.o
 .debug_abbrev  0x00002eb5      0x129 ./board/pin_mux.o

.debug_aranges  0x00000000      0xf00
 .debug_aranges
                0x00000000       0xa0 ./utilities/fsl_debug_console.o
 .debug_aranges
                0x000000a0       0x20 ./utilities/fsl_sbrk.o
 .debug_aranges
                0x000000c0       0x20 ./startup/startup_MKL46Z4.o
 .debug_aranges
                0x000000e0       0x28 ./startup/system_MKL46Z4.o
 .debug_aranges
                0x00000108       0x70 ./source/control_ADC.o
 .debug_aranges
                0x00000178       0x68 ./source/control_com.o
 .debug_aranges
                0x000001e0       0x30 ./source/control_corriente.o
 .debug_aranges
                0x00000210       0x90 ./source/control_ventilador.o
 .debug_aranges
                0x000002a0       0x20 ./source/main.o
 .debug_aranges
                0x000002c0       0x60 ./source/timer.o
 .debug_aranges
                0x00000320       0x88 ./drivers/fsl_adc16.o
 .debug_aranges
                0x000003a8      0x1d8 ./drivers/fsl_clock.o
 .debug_aranges
                0x00000580       0x28 ./drivers/fsl_common.o
 .debug_aranges
                0x000005a8       0x90 ./drivers/fsl_dac.o
 .debug_aranges
                0x00000638       0xd0 ./drivers/fsl_dma.o
 .debug_aranges
                0x00000708       0x68 ./drivers/fsl_gpio.o
 .debug_aranges
                0x00000770      0x170 ./drivers/fsl_i2c.o
 .debug_aranges
                0x000008e0      0x128 ./drivers/fsl_lpsci.o
 .debug_aranges
                0x00000a08       0x48 ./drivers/fsl_pit.o
 .debug_aranges
                0x00000a50      0x150 ./drivers/fsl_sai.o
 .debug_aranges
                0x00000ba0      0x120 ./drivers/fsl_spi.o
 .debug_aranges
                0x00000cc0       0x88 ./drivers/fsl_tpm.o
 .debug_aranges
                0x00000d48      0x140 ./drivers/fsl_uart.o
 .debug_aranges
                0x00000e88       0x48 ./board/clock_config.o
 .debug_aranges
                0x00000ed0       0x30 ./board/pin_mux.o

.debug_ranges   0x00000000      0xd60
 .debug_ranges  0x00000000       0x90 ./utilities/fsl_debug_console.o
 .debug_ranges  0x00000090       0x10 ./utilities/fsl_sbrk.o
 .debug_ranges  0x000000a0       0x18 ./startup/system_MKL46Z4.o
 .debug_ranges  0x000000b8       0x60 ./source/control_ADC.o
 .debug_ranges  0x00000118       0x58 ./source/control_com.o
 .debug_ranges  0x00000170       0x20 ./source/control_corriente.o
 .debug_ranges  0x00000190       0x80 ./source/control_ventilador.o
 .debug_ranges  0x00000210       0x10 ./source/main.o
 .debug_ranges  0x00000220       0x50 ./source/timer.o
 .debug_ranges  0x00000270       0x78 ./drivers/fsl_adc16.o
 .debug_ranges  0x000002e8      0x1c8 ./drivers/fsl_clock.o
 .debug_ranges  0x000004b0       0x18 ./drivers/fsl_common.o
 .debug_ranges  0x000004c8       0x80 ./drivers/fsl_dac.o
 .debug_ranges  0x00000548       0xc0 ./drivers/fsl_dma.o
 .debug_ranges  0x00000608       0x58 ./drivers/fsl_gpio.o
 .debug_ranges  0x00000660      0x160 ./drivers/fsl_i2c.o
 .debug_ranges  0x000007c0      0x118 ./drivers/fsl_lpsci.o
 .debug_ranges  0x000008d8       0x38 ./drivers/fsl_pit.o
 .debug_ranges  0x00000910      0x140 ./drivers/fsl_sai.o
 .debug_ranges  0x00000a50      0x110 ./drivers/fsl_spi.o
 .debug_ranges  0x00000b60       0x78 ./drivers/fsl_tpm.o
 .debug_ranges  0x00000bd8      0x130 ./drivers/fsl_uart.o
 .debug_ranges  0x00000d08       0x38 ./board/clock_config.o
 .debug_ranges  0x00000d40       0x20 ./board/pin_mux.o

.debug_macro    0x00000000     0xe7b7
 .debug_macro   0x00000000      0x1fb ./utilities/fsl_debug_console.o
 .debug_macro   0x000001fb      0x80e ./utilities/fsl_debug_console.o
 .debug_macro   0x00000a09       0x58 ./utilities/fsl_debug_console.o
 .debug_macro   0x00000a61       0x58 ./utilities/fsl_debug_console.o
 .debug_macro   0x00000ab9       0x16 ./utilities/fsl_debug_console.o
 .debug_macro   0x00000acf       0x35 ./utilities/fsl_debug_console.o
 .debug_macro   0x00000b04       0xa3 ./utilities/fsl_debug_console.o
 .debug_macro   0x00000ba7       0x16 ./utilities/fsl_debug_console.o
 .debug_macro   0x00000bbd      0x10e ./utilities/fsl_debug_console.o
 .debug_macro   0x00000ccb       0x7f ./utilities/fsl_debug_console.o
 .debug_macro   0x00000d4a       0x4a ./utilities/fsl_debug_console.o
 .debug_macro   0x00000d94       0x52 ./utilities/fsl_debug_console.o
 .debug_macro   0x00000de6       0x16 ./utilities/fsl_debug_console.o
 .debug_macro   0x00000dfc       0x43 ./utilities/fsl_debug_console.o
 .debug_macro   0x00000e3f      0x180 ./utilities/fsl_debug_console.o
 .debug_macro   0x00000fbf       0x16 ./utilities/fsl_debug_console.o
 .debug_macro   0x00000fd5       0x29 ./utilities/fsl_debug_console.o
 .debug_macro   0x00000ffe      0x1e1 ./utilities/fsl_debug_console.o
 .debug_macro   0x000011df       0x16 ./utilities/fsl_debug_console.o
 .debug_macro   0x000011f5       0x22 ./utilities/fsl_debug_console.o
 .debug_macro   0x00001217      0x20f ./utilities/fsl_debug_console.o
 .debug_macro   0x00001426      0x2a6 ./utilities/fsl_debug_console.o
 .debug_macro   0x000016cc       0x10 ./utilities/fsl_debug_console.o
 .debug_macro   0x000016dc       0x35 ./utilities/fsl_debug_console.o
 .debug_macro   0x00001711       0x1f ./utilities/fsl_debug_console.o
 .debug_macro   0x00001730       0x10 ./utilities/fsl_debug_console.o
 .debug_macro   0x00001740       0x3f ./utilities/fsl_debug_console.o
 .debug_macro   0x0000177f       0x3a ./utilities/fsl_debug_console.o
 .debug_macro   0x000017b9       0x26 ./utilities/fsl_debug_console.o
 .debug_macro   0x000017df      0x329 ./utilities/fsl_debug_console.o
 .debug_macro   0x00001b08       0x36 ./utilities/fsl_debug_console.o
 .debug_macro   0x00001b3e     0x87ea ./utilities/fsl_debug_console.o
 .debug_macro   0x0000a328     0x13c2 ./utilities/fsl_debug_console.o
 .debug_macro   0x0000b6ea       0x2e ./utilities/fsl_debug_console.o
 .debug_macro   0x0000b718       0x10 ./utilities/fsl_debug_console.o
 .debug_macro   0x0000b728       0xf1 ./utilities/fsl_debug_console.o
 .debug_macro   0x0000b819       0x35 ./utilities/fsl_debug_console.o
 .debug_macro   0x0000b84e       0x3a ./utilities/fsl_debug_console.o
 .debug_macro   0x0000b888       0x10 ./utilities/fsl_debug_console.o
 .debug_macro   0x0000b898       0xfd ./utilities/fsl_sbrk.o
 .debug_macro   0x0000b995       0x16 ./utilities/fsl_sbrk.o
 .debug_macro   0x0000b9ab       0x97 ./utilities/fsl_sbrk.o
 .debug_macro   0x0000ba42       0x10 ./utilities/fsl_sbrk.o
 .debug_macro   0x0000ba52       0xef ./utilities/fsl_sbrk.o
 .debug_macro   0x0000bb41       0x10 ./utilities/fsl_sbrk.o
 .debug_macro   0x0000bb51       0x22 ./utilities/fsl_sbrk.o
 .debug_macro   0x0000bb73       0xbd ./utilities/fsl_sbrk.o
 .debug_macro   0x0000bc30       0x16 ./utilities/fsl_sbrk.o
 .debug_macro   0x0000bc46      0x16c ./utilities/fsl_sbrk.o
 .debug_macro   0x0000bdb2       0x10 ./utilities/fsl_sbrk.o
 .debug_macro   0x0000bdc2      0x241 ./utilities/fsl_sbrk.o
 .debug_macro   0x0000c003       0x9a ./startup/system_MKL46Z4.o
 .debug_macro   0x0000c09d       0x44 ./startup/system_MKL46Z4.o
 .debug_macro   0x0000c0e1      0x1ab ./source/control_ADC.o
 .debug_macro   0x0000c28c       0x28 ./source/control_ADC.o
 .debug_macro   0x0000c2b4       0x10 ./source/control_ADC.o
 .debug_macro   0x0000c2c4      0x22c ./source/control_com.o
 .debug_macro   0x0000c4f0       0x10 ./source/control_com.o
 .debug_macro   0x0000c500       0x1c ./source/control_com.o
 .debug_macro   0x0000c51c       0x40 ./source/control_com.o
 .debug_macro   0x0000c55c      0x1ac ./source/control_corriente.o
 .debug_macro   0x0000c708      0x1d0 ./source/control_ventilador.o
 .debug_macro   0x0000c8d8       0x16 ./source/control_ventilador.o
 .debug_macro   0x0000c8ee       0x10 ./source/control_ventilador.o
 .debug_macro   0x0000c8fe      0x143 ./source/control_ventilador.o
 .debug_macro   0x0000ca41       0x10 ./source/control_ventilador.o
 .debug_macro   0x0000ca51       0x46 ./source/control_ventilador.o
 .debug_macro   0x0000ca97      0x26c ./source/main.o
 .debug_macro   0x0000cd03       0x40 ./source/main.o
 .debug_macro   0x0000cd43       0x10 ./source/main.o
 .debug_macro   0x0000cd53       0x2e ./source/main.o
 .debug_macro   0x0000cd81       0x10 ./source/main.o
 .debug_macro   0x0000cd91       0x16 ./source/main.o
 .debug_macro   0x0000cda7      0x1b1 ./source/timer.o
 .debug_macro   0x0000cf58      0x18f ./drivers/fsl_adc16.o
 .debug_macro   0x0000d0e7      0x23f ./drivers/fsl_clock.o
 .debug_macro   0x0000d326      0x192 ./drivers/fsl_common.o
 .debug_macro   0x0000d4b8      0x18f ./drivers/fsl_dac.o
 .debug_macro   0x0000d647      0x18f ./drivers/fsl_dma.o
 .debug_macro   0x0000d7d6      0x18f ./drivers/fsl_gpio.o
 .debug_macro   0x0000d965      0x18e ./drivers/fsl_i2c.o
 .debug_macro   0x0000daf3       0x10 ./drivers/fsl_i2c.o
 .debug_macro   0x0000db03      0x18f ./drivers/fsl_lpsci.o
 .debug_macro   0x0000dc92      0x18f ./drivers/fsl_pit.o
 .debug_macro   0x0000de21      0x18e ./drivers/fsl_sai.o
 .debug_macro   0x0000dfaf       0x11 ./drivers/fsl_sai.o
 .debug_macro   0x0000dfc0      0x18e ./drivers/fsl_spi.o
 .debug_macro   0x0000e14e       0x10 ./drivers/fsl_spi.o
 .debug_macro   0x0000e15e      0x195 ./drivers/fsl_tpm.o
 .debug_macro   0x0000e2f3      0x195 ./drivers/fsl_uart.o
 .debug_macro   0x0000e488      0x19c ./board/clock_config.o
 .debug_macro   0x0000e624      0x193 ./board/pin_mux.o

.debug_line     0x00000000     0x8679
 .debug_line    0x00000000      0x7ec ./utilities/fsl_debug_console.o
 .debug_line    0x000007ec      0x21a ./utilities/fsl_sbrk.o
 .debug_line    0x00000a06       0xcc ./startup/startup_MKL46Z4.o
 .debug_line    0x00000ad2      0x26b ./startup/system_MKL46Z4.o
 .debug_line    0x00000d3d      0x44e ./source/control_ADC.o
 .debug_line    0x0000118b      0x4b4 ./source/control_com.o
 .debug_line    0x0000163f      0x3a3 ./source/control_corriente.o
 .debug_line    0x000019e2      0x4ef ./source/control_ventilador.o
 .debug_line    0x00001ed1      0x491 ./source/main.o
 .debug_line    0x00002362      0x421 ./source/timer.o
 .debug_line    0x00002783      0x4ec ./drivers/fsl_adc16.o
 .debug_line    0x00002c6f      0xa7f ./drivers/fsl_clock.o
 .debug_line    0x000036ee      0x394 ./drivers/fsl_common.o
 .debug_line    0x00003a82      0x4b1 ./drivers/fsl_dac.o
 .debug_line    0x00003f33      0x5f9 ./drivers/fsl_dma.o
 .debug_line    0x0000452c      0x435 ./drivers/fsl_gpio.o
 .debug_line    0x00004961      0xa81 ./drivers/fsl_i2c.o
 .debug_line    0x000053e2      0x882 ./drivers/fsl_lpsci.o
 .debug_line    0x00005c64      0x3c1 ./drivers/fsl_pit.o
 .debug_line    0x00006025      0x8a9 ./drivers/fsl_sai.o
 .debug_line    0x000068ce      0x807 ./drivers/fsl_spi.o
 .debug_line    0x000070d5      0x5e5 ./drivers/fsl_tpm.o
 .debug_line    0x000076ba      0x881 ./drivers/fsl_uart.o
 .debug_line    0x00007f3b      0x3cf ./board/clock_config.o
 .debug_line    0x0000830a      0x36f ./board/pin_mux.o

.debug_str      0x00000000    0x55223
 .debug_str     0x00000000    0x4c1cd ./utilities/fsl_debug_console.o
                              0x4c646 (size before relaxing)
 .debug_str     0x0004c1cd      0xfc0 ./utilities/fsl_sbrk.o
                               0x4a92 (size before relaxing)
 .debug_str     0x0004d18d      0x14f ./startup/system_MKL46Z4.o
                              0x4815f (size before relaxing)
 .debug_str     0x0004d2dc      0xbc2 ./source/control_ADC.o
                              0x4be1f (size before relaxing)
 .debug_str     0x0004de9e      0x44e ./source/control_com.o
                              0x4ca49 (size before relaxing)
 .debug_str     0x0004e2ec      0x18a ./source/control_corriente.o
                              0x4b468 (size before relaxing)
 .debug_str     0x0004e476     0x1242 ./source/control_ventilador.o
                              0x4cb0d (size before relaxing)
 .debug_str     0x0004f6b8      0x12b ./source/main.o
                              0x4ca37 (size before relaxing)
 .debug_str     0x0004f7e3      0x187 ./source/timer.o
                              0x4b84f (size before relaxing)
 .debug_str     0x0004f96a      0x422 ./drivers/fsl_adc16.o
                              0x4bde2 (size before relaxing)
 .debug_str     0x0004fd8c     0x1540 ./drivers/fsl_clock.o
                              0x4cb94 (size before relaxing)
 .debug_str     0x000512cc       0xef ./drivers/fsl_common.o
                              0x4b20e (size before relaxing)
 .debug_str     0x000513bb      0x259 ./drivers/fsl_dac.o
                              0x4b728 (size before relaxing)
 .debug_str     0x00051614      0x76c ./drivers/fsl_dma.o
                              0x4be01 (size before relaxing)
 .debug_str     0x00051d80       0xc5 ./drivers/fsl_gpio.o
                              0x4b403 (size before relaxing)
 .debug_str     0x00051e45      0xbdd ./drivers/fsl_i2c.o
                              0x4c2e1 (size before relaxing)
 .debug_str     0x00052a22      0x6a8 ./drivers/fsl_lpsci.o
                              0x4c188 (size before relaxing)
 .debug_str     0x000530ca       0x78 ./drivers/fsl_pit.o
                              0x4b4be (size before relaxing)
 .debug_str     0x00053142      0x944 ./drivers/fsl_sai.o
                              0x4c08b (size before relaxing)
 .debug_str     0x00053a86      0x8c9 ./drivers/fsl_spi.o
                              0x4c02d (size before relaxing)
 .debug_str     0x0005434f      0x3e8 ./drivers/fsl_tpm.o
                              0x4bd38 (size before relaxing)
 .debug_str     0x00054737      0x809 ./drivers/fsl_uart.o
                              0x4c1ad (size before relaxing)
 .debug_str     0x00054f40      0x2c1 ./board/clock_config.o
                              0x4b905 (size before relaxing)
 .debug_str     0x00055201       0x22 ./board/pin_mux.o
                              0x4b155 (size before relaxing)

.comment        0x00000000       0x70
 .comment       0x00000000       0x70 ./utilities/fsl_debug_console.o
                                 0x71 (size before relaxing)
 .comment       0x00000000       0x71 ./utilities/fsl_sbrk.o
 .comment       0x00000000       0x71 ./startup/system_MKL46Z4.o
 .comment       0x00000000       0x71 ./source/control_ADC.o
 .comment       0x00000000       0x71 ./source/control_com.o
 .comment       0x00000000       0x71 ./source/control_corriente.o
 .comment       0x00000000       0x71 ./source/control_ventilador.o
 .comment       0x00000000       0x71 ./source/main.o
 .comment       0x00000000       0x71 ./source/timer.o
 .comment       0x00000000       0x71 ./drivers/fsl_adc16.o
 .comment       0x00000000       0x71 ./drivers/fsl_clock.o
 .comment       0x00000000       0x71 ./drivers/fsl_common.o
 .comment       0x00000000       0x71 ./drivers/fsl_dac.o
 .comment       0x00000000       0x71 ./drivers/fsl_dma.o
 .comment       0x00000000       0x71 ./drivers/fsl_gpio.o
 .comment       0x00000000       0x71 ./drivers/fsl_i2c.o
 .comment       0x00000000       0x71 ./drivers/fsl_lpsci.o
 .comment       0x00000000       0x71 ./drivers/fsl_pit.o
 .comment       0x00000000       0x71 ./drivers/fsl_sai.o
 .comment       0x00000000       0x71 ./drivers/fsl_spi.o
 .comment       0x00000000       0x71 ./drivers/fsl_tpm.o
 .comment       0x00000000       0x71 ./drivers/fsl_uart.o
 .comment       0x00000000       0x71 ./board/clock_config.o
 .comment       0x00000000       0x71 ./board/pin_mux.o

.debug_frame    0x00000000     0x3f38
 .debug_frame   0x00000000      0x22c ./utilities/fsl_debug_console.o
 .debug_frame   0x0000022c       0x30 ./utilities/fsl_sbrk.o
 .debug_frame   0x0000025c       0x4c ./startup/system_MKL46Z4.o
 .debug_frame   0x000002a8      0x160 ./source/control_ADC.o
 .debug_frame   0x00000408      0x148 ./source/control_com.o
 .debug_frame   0x00000550       0x70 ./source/control_corriente.o
 .debug_frame   0x000005c0      0x1ec ./source/control_ventilador.o
 .debug_frame   0x000007ac       0x30 ./source/main.o
 .debug_frame   0x000007dc      0x130 ./source/timer.o
 .debug_frame   0x0000090c      0x1d0 ./drivers/fsl_adc16.o
 .debug_frame   0x00000adc      0x6d8 ./drivers/fsl_clock.o
 .debug_frame   0x000011b4       0x50 ./drivers/fsl_common.o
 .debug_frame   0x00001204      0x1f0 ./drivers/fsl_dac.o
 .debug_frame   0x000013f4      0x2e0 ./drivers/fsl_dma.o
 .debug_frame   0x000016d4      0x150 ./drivers/fsl_gpio.o
 .debug_frame   0x00001824      0x568 ./drivers/fsl_i2c.o
 .debug_frame   0x00001d8c      0x44c ./drivers/fsl_lpsci.o
 .debug_frame   0x000021d8       0xd4 ./drivers/fsl_pit.o
 .debug_frame   0x000022ac      0x4ec ./drivers/fsl_sai.o
 .debug_frame   0x00002798      0x428 ./drivers/fsl_spi.o
 .debug_frame   0x00002bc0      0x1d0 ./drivers/fsl_tpm.o
 .debug_frame   0x00002d90      0x4a0 ./drivers/fsl_uart.o
 .debug_frame   0x00003230       0xc4 ./board/clock_config.o
 .debug_frame   0x000032f4       0x6c ./board/pin_mux.o
 .debug_frame   0x00003360       0x20 /opt/Freescale/KDS_v3/toolchain/bin/../lib/gcc/arm-none-eabi/4.8.4/armv6-m/libgcc.a(_udivsi3.o)
 .debug_frame   0x00003380       0x20 /opt/Freescale/KDS_v3/toolchain/bin/../lib/gcc/arm-none-eabi/4.8.4/armv6-m/libgcc.a(_divsi3.o)
 .debug_frame   0x000033a0       0x30 /opt/Freescale/KDS_v3/toolchain/bin/../lib/gcc/arm-none-eabi/4.8.4/armv6-m/libgcc.a(_muldi3.o)
 .debug_frame   0x000033d0       0x28 /opt/Freescale/KDS_v3/toolchain/bin/../lib/gcc/arm-none-eabi/4.8.4/armv6-m/libgcc.a(_fixunssfsi.o)
 .debug_frame   0x000033f8       0x50 /opt/Freescale/KDS_v3/toolchain/bin/../lib/gcc/arm-none-eabi/4.8.4/armv6-m/libgcc.a(bpabi.o)
 .debug_frame   0x00003448       0x3c /opt/Freescale/KDS_v3/toolchain/bin/../lib/gcc/arm-none-eabi/4.8.4/armv6-m/libgcc.a(divsf3.o)
 .debug_frame   0x00003484       0x2c /opt/Freescale/KDS_v3/toolchain/bin/../lib/gcc/arm-none-eabi/4.8.4/armv6-m/libgcc.a(eqsf2.o)
 .debug_frame   0x000034b0       0x30 /opt/Freescale/KDS_v3/toolchain/bin/../lib/gcc/arm-none-eabi/4.8.4/armv6-m/libgcc.a(gesf2.o)
 .debug_frame   0x000034e0       0x30 /opt/Freescale/KDS_v3/toolchain/bin/../lib/gcc/arm-none-eabi/4.8.4/armv6-m/libgcc.a(lesf2.o)
 .debug_frame   0x00003510       0x3c /opt/Freescale/KDS_v3/toolchain/bin/../lib/gcc/arm-none-eabi/4.8.4/armv6-m/libgcc.a(mulsf3.o)
 .debug_frame   0x0000354c       0x30 /opt/Freescale/KDS_v3/toolchain/bin/../lib/gcc/arm-none-eabi/4.8.4/armv6-m/libgcc.a(subsf3.o)
 .debug_frame   0x0000357c       0x20 /opt/Freescale/KDS_v3/toolchain/bin/../lib/gcc/arm-none-eabi/4.8.4/armv6-m/libgcc.a(fixsfsi.o)
 .debug_frame   0x0000359c       0x28 /opt/Freescale/KDS_v3/toolchain/bin/../lib/gcc/arm-none-eabi/4.8.4/armv6-m/libgcc.a(floatunsisf.o)
 .debug_frame   0x000035c4       0x30 /opt/Freescale/KDS_v3/toolchain/bin/../lib/gcc/arm-none-eabi/4.8.4/armv6-m/libgcc.a(truncdfsf2.o)
 .debug_frame   0x000035f4       0x3c /opt/Freescale/KDS_v3/toolchain/bin/../lib/gcc/arm-none-eabi/4.8.4/armv6-m/libgcc.a(_divdi3.o)